[    0.000000] Linux version 6.5.12 (guix@guix) (gcc (GCC) 11.3.0, GNU ld (GNU Binutils) 2.38) #1 SMP PREEMPT_DYNAMIC 1
[    0.000000] Command line: BOOT_IMAGE=/gnu/store/5aavj9jkwf20k2qp62k8a5y2cshjp80n-linux-6.5.12/bzImage root=root gnu.system=/gnu/store/21q630makq6h7ip8s1bz7dj68m4ijr0s-system gnu.load=/gnu/store/21q630makq6h7ip8s1bz7dj68m4ijr0s-system/boot iommu=pt intel_iommu=on pcie_acs_override=downstream,multifunction vfio-pci.ids=10de:1e89,10de:10f8,10de:1ad8,10de,1ad9
[    0.000000] KERNEL supported cpus:
[    0.000000]   Intel GenuineIntel
[    0.000000]   AMD AuthenticAMD
[    0.000000]   Hygon HygonGenuine
[    0.000000]   Centaur CentaurHauls
[    0.000000]   zhaoxin   Shanghai  
[    0.000000] BIOS-provided physical RAM map:
[    0.000000] BIOS-e820: [mem 0x0000000000000000-0x000000000009dfff] usable
[    0.000000] BIOS-e820: [mem 0x000000000009e000-0x000000000009efff] reserved
[    0.000000] BIOS-e820: [mem 0x000000000009f000-0x000000000009ffff] usable
[    0.000000] BIOS-e820: [mem 0x00000000000a0000-0x00000000000fffff] reserved
[    0.000000] BIOS-e820: [mem 0x0000000000100000-0x0000000037c0ffff] usable
[    0.000000] BIOS-e820: [mem 0x0000000037c10000-0x000000003a10ffff] reserved
[    0.000000] BIOS-e820: [mem 0x000000003a110000-0x000000003a38ffff] ACPI data
[    0.000000] BIOS-e820: [mem 0x000000003a390000-0x000000003a48ffff] ACPI NVS
[    0.000000] BIOS-e820: [mem 0x000000003a490000-0x000000003aefefff] reserved
[    0.000000] BIOS-e820: [mem 0x000000003aeff000-0x000000003affefff] type 20
[    0.000000] BIOS-e820: [mem 0x000000003afff000-0x000000003affffff] usable
[    0.000000] BIOS-e820: [mem 0x000000003b000000-0x000000003fffffff] reserved
[    0.000000] BIOS-e820: [mem 0x00000000e0000000-0x00000000efffffff] reserved
[    0.000000] BIOS-e820: [mem 0x00000000fc000000-0x00000000fc00ffff] reserved
[    0.000000] BIOS-e820: [mem 0x00000000fe000000-0x00000000fe010fff] reserved
[    0.000000] BIOS-e820: [mem 0x00000000fec00000-0x00000000fec00fff] reserved
[    0.000000] BIOS-e820: [mem 0x00000000fed00000-0x00000000fed00fff] reserved
[    0.000000] BIOS-e820: [mem 0x00000000fed20000-0x00000000fed7ffff] reserved
[    0.000000] BIOS-e820: [mem 0x00000000fee00000-0x00000000fee00fff] reserved
[    0.000000] BIOS-e820: [mem 0x00000000ff000000-0x00000000ffffffff] reserved
[    0.000000] BIOS-e820: [mem 0x0000000100000000-0x00000004bfffffff] usable
[    0.000000] NX (Execute Disable) protection: active
[    0.000000] efi: EFI v2.7 by American Megatrends
[    0.000000] efi: ACPI=0x3a38f000 ACPI 2.0=0x3a38f014 TPMFinalLog=0x3a3fd000 SMBIOS=0x3ad10000 SMBIOS 3.0=0x3ad0f000 MEMATTR=0x34859418 ESRT=0x36174118 
[    0.000000] efi: Remove mem83: MMIO range=[0xe0000000-0xefffffff] (256MB) from e820 map
[    0.000000] e820: remove [mem 0xe0000000-0xefffffff] reserved
[    0.000000] efi: Not removing mem84: MMIO range=[0xfc000000-0xfc00ffff] (64KB) from e820 map
[    0.000000] efi: Not removing mem85: MMIO range=[0xfe000000-0xfe010fff] (68KB) from e820 map
[    0.000000] efi: Not removing mem86: MMIO range=[0xfec00000-0xfec00fff] (4KB) from e820 map
[    0.000000] efi: Not removing mem87: MMIO range=[0xfed00000-0xfed00fff] (4KB) from e820 map
[    0.000000] efi: Not removing mem89: MMIO range=[0xfee00000-0xfee00fff] (4KB) from e820 map
[    0.000000] efi: Remove mem90: MMIO range=[0xff000000-0xffffffff] (16MB) from e820 map
[    0.000000] e820: remove [mem 0xff000000-0xffffffff] reserved
[    0.000000] SMBIOS 3.3.0 present.
[    0.000000] DMI: Gigabyte Technology Co., Ltd. B560 DS3H AC-Y1/B560 DS3H AC-Y1, BIOS F3 04/27/2021
[    0.000000] tsc: Detected 2600.000 MHz processor
[    0.000000] tsc: Detected 2592.000 MHz TSC
[    0.000590] e820: update [mem 0x00000000-0x00000fff] usable ==> reserved
[    0.000593] e820: remove [mem 0x000a0000-0x000fffff] usable
[    0.000606] last_pfn = 0x4c0000 max_arch_pfn = 0x400000000
[    0.000611] MTRR map: 5 entries (3 fixed + 2 variable; max 23), built from 10 variable MTRRs
[    0.000613] x86/PAT: Configuration [0-7]: WB  WC  UC- UC  WB  WP  UC- WT  
[    0.001205] last_pfn = 0x3b000 max_arch_pfn = 0x400000000
[    0.021557] esrt: Reserving ESRT space from 0x0000000036174118 to 0x0000000036174178.
[    0.021565] e820: update [mem 0x36174000-0x36174fff] usable ==> reserved
[    0.021590] Using GB pages for direct mapping
[    0.021713] Secure boot disabled
[    0.021713] RAMDISK: [mem 0x3097c000-0x318c1fff]
[    0.021716] ACPI: Early table checksum verification disabled
[    0.021719] ACPI: RSDP 0x000000003A38F014 000024 (v02 ALASKA)
[    0.021723] ACPI: XSDT 0x000000003A38E728 0000FC (v01 ALASKA A M I    01072009 AMI  01000013)
[    0.021729] ACPI: FACP 0x000000003A38C000 000114 (v06 ALASKA A M I    01072009 AMI  01000013)
[    0.021735] ACPI: DSDT 0x000000003A337000 054D5E (v02 ALASKA A M I    01072009 INTL 20180209)
[    0.021738] ACPI: FACS 0x000000003A48F000 000040
[    0.021741] ACPI: MCFG 0x000000003A38D000 00003C (v01 ALASKA A M I    01072009 MSFT 00000097)
[    0.021744] ACPI: FIDT 0x000000003A336000 00009C (v01 ALASKA A M I    01072009 AMI  00010013)
[    0.021748] ACPI: MSDM 0x000000003A335000 000055 (v03 ALASKA A M I    01072009 AMI  01000013)
[    0.021751] ACPI: SSDT 0x000000003A32B000 0095C1 (v01 GBT    GSWApp   00000001 INTL 20180209)
[    0.021755] ACPI: SSDT 0x000000003A328000 002604 (v02 CpuRef CpuSsdt  00003000 INTL 20180209)
[    0.021758] ACPI: SSDT 0x000000003A323000 00441C (v02 SaSsdt SaSsdt   00003000 INTL 20180209)
[    0.021762] ACPI: SSDT 0x000000003A31F000 0032CD (v02 INTEL  IgfxSsdt 00003000 INTL 20180209)
[    0.021765] ACPI: HPET 0x000000003A31E000 000038 (v01 ALASKA A M I    01072009 AMI  01000013)
[    0.021768] ACPI: APIC 0x000000003A31D000 000164 (v04 ALASKA A M I    01072009 AMI  01000013)
[    0.021772] ACPI: SSDT 0x000000003A316000 0065AE (v02 ALASKA A M I    00001000 INTL 20180209)
[    0.021775] ACPI: SSDT 0x000000003A315000 000E66 (v02 ALASKA A M I    00001000 INTL 20180209)
[    0.021778] ACPI: SSDT 0x000000003A314000 000C59 (v02 INTEL  xh_rksu4 00000000 INTL 20180209)
[    0.021782] ACPI: NHLT 0x000000003A312000 0017F1 (v00 ALASKA A M I    01072009 AMI  01000013)
[    0.021785] ACPI: SSDT 0x000000003A30F000 002266 (v02 INTEL  DTbtSsdt 00001000 INTL 20180209)
[    0.021788] ACPI: LPIT 0x000000003A30E000 0000CC (v01 ALASKA A M I    01072009 AMI  01000013)
[    0.021791] ACPI: SSDT 0x000000003A30A000 002720 (v02 ALASKA A M I    00001000 INTL 20180209)
[    0.021794] ACPI: SSDT 0x000000003A309000 000B52 (v02 ALASKA A M I    00000000 INTL 20180209)
[    0.021798] ACPI: DBGP 0x000000003A308000 000034 (v01 ALASKA A M I    01072009 AMI  01000013)
[    0.021801] ACPI: DBG2 0x000000003A307000 000054 (v00 ALASKA A M I    01072009 AMI  01000013)
[    0.021804] ACPI: SSDT 0x000000003A305000 0015B7 (v02 ALASKA A M I    00001000 INTL 20180209)
[    0.021807] ACPI: DMAR 0x000000003A304000 000050 (v02 INTEL  EDK2     00000002      01000013)
[    0.021811] ACPI: SSDT 0x000000003A303000 000144 (v02 Intel  ADebTabl 00001000 INTL 20180209)
[    0.021814] ACPI: TPM2 0x000000003A302000 00004C (v04 ALASKA A M I    00000001 AMI  00000000)
[    0.021817] ACPI: PTDT 0x000000003A301000 000CF0 (v00 ALASKA A M I    00000005 MSFT 0100000D)
[    0.021821] ACPI: WSMT 0x000000003A30D000 000028 (v01 ALASKA A M I    01072009 AMI  00010013)
[    0.021824] ACPI: FPDT 0x000000003A300000 000044 (v01 ALASKA A M I    01072009 AMI  01000013)
[    0.021826] ACPI: Reserving FACP table memory at [mem 0x3a38c000-0x3a38c113]
[    0.021828] ACPI: Reserving DSDT table memory at [mem 0x3a337000-0x3a38bd5d]
[    0.021829] ACPI: Reserving FACS table memory at [mem 0x3a48f000-0x3a48f03f]
[    0.021830] ACPI: Reserving MCFG table memory at [mem 0x3a38d000-0x3a38d03b]
[    0.021830] ACPI: Reserving FIDT table memory at [mem 0x3a336000-0x3a33609b]
[    0.021831] ACPI: Reserving MSDM table memory at [mem 0x3a335000-0x3a335054]
[    0.021832] ACPI: Reserving SSDT table memory at [mem 0x3a32b000-0x3a3345c0]
[    0.021833] ACPI: Reserving SSDT table memory at [mem 0x3a328000-0x3a32a603]
[    0.021833] ACPI: Reserving SSDT table memory at [mem 0x3a323000-0x3a32741b]
[    0.021834] ACPI: Reserving SSDT table memory at [mem 0x3a31f000-0x3a3222cc]
[    0.021835] ACPI: Reserving HPET table memory at [mem 0x3a31e000-0x3a31e037]
[    0.021836] ACPI: Reserving APIC table memory at [mem 0x3a31d000-0x3a31d163]
[    0.021836] ACPI: Reserving SSDT table memory at [mem 0x3a316000-0x3a31c5ad]
[    0.021837] ACPI: Reserving SSDT table memory at [mem 0x3a315000-0x3a315e65]
[    0.021838] ACPI: Reserving SSDT table memory at [mem 0x3a314000-0x3a314c58]
[    0.021839] ACPI: Reserving NHLT table memory at [mem 0x3a312000-0x3a3137f0]
[    0.021839] ACPI: Reserving SSDT table memory at [mem 0x3a30f000-0x3a311265]
[    0.021840] ACPI: Reserving LPIT table memory at [mem 0x3a30e000-0x3a30e0cb]
[    0.021841] ACPI: Reserving SSDT table memory at [mem 0x3a30a000-0x3a30c71f]
[    0.021842] ACPI: Reserving SSDT table memory at [mem 0x3a309000-0x3a309b51]
[    0.021843] ACPI: Reserving DBGP table memory at [mem 0x3a308000-0x3a308033]
[    0.021843] ACPI: Reserving DBG2 table memory at [mem 0x3a307000-0x3a307053]
[    0.021844] ACPI: Reserving SSDT table memory at [mem 0x3a305000-0x3a3065b6]
[    0.021845] ACPI: Reserving DMAR table memory at [mem 0x3a304000-0x3a30404f]
[    0.021846] ACPI: Reserving SSDT table memory at [mem 0x3a303000-0x3a303143]
[    0.021846] ACPI: Reserving TPM2 table memory at [mem 0x3a302000-0x3a30204b]
[    0.021847] ACPI: Reserving PTDT table memory at [mem 0x3a301000-0x3a301cef]
[    0.021848] ACPI: Reserving WSMT table memory at [mem 0x3a30d000-0x3a30d027]
[    0.021849] ACPI: Reserving FPDT table memory at [mem 0x3a300000-0x3a300043]
[    0.021964] No NUMA configuration found
[    0.021965] Faking a node at [mem 0x0000000000000000-0x00000004bfffffff]
[    0.021969] NODE_DATA(0) allocated [mem 0x4bfffa000-0x4bfffffff]
[    0.021999] Zone ranges:
[    0.022000]   DMA      [mem 0x0000000000001000-0x0000000000ffffff]
[    0.022002]   DMA32    [mem 0x0000000001000000-0x00000000ffffffff]
[    0.022003]   Normal   [mem 0x0000000100000000-0x00000004bfffffff]
[    0.022005]   Device   empty
[    0.022006] Movable zone start for each node
[    0.022006] Early memory node ranges
[    0.022007]   node   0: [mem 0x0000000000001000-0x000000000009dfff]
[    0.022008]   node   0: [mem 0x000000000009f000-0x000000000009ffff]
[    0.022009]   node   0: [mem 0x0000000000100000-0x0000000037c0ffff]
[    0.022010]   node   0: [mem 0x000000003afff000-0x000000003affffff]
[    0.022011]   node   0: [mem 0x0000000100000000-0x00000004bfffffff]
[    0.022013] Initmem setup node 0 [mem 0x0000000000001000-0x00000004bfffffff]
[    0.022018] On node 0, zone DMA: 1 pages in unavailable ranges
[    0.022019] On node 0, zone DMA: 1 pages in unavailable ranges
[    0.022039] On node 0, zone DMA: 96 pages in unavailable ranges
[    0.023325] On node 0, zone DMA32: 13295 pages in unavailable ranges
[    0.044579] On node 0, zone Normal: 20480 pages in unavailable ranges
[    0.044956] ACPI: PM-Timer IO Port: 0x1808
[    0.044965] ACPI: LAPIC_NMI (acpi_id[0x01] high edge lint[0x1])
[    0.044967] ACPI: LAPIC_NMI (acpi_id[0x02] high edge lint[0x1])
[    0.044968] ACPI: LAPIC_NMI (acpi_id[0x03] high edge lint[0x1])
[    0.044969] ACPI: LAPIC_NMI (acpi_id[0x04] high edge lint[0x1])
[    0.044969] ACPI: LAPIC_NMI (acpi_id[0x05] high edge lint[0x1])
[    0.044970] ACPI: LAPIC_NMI (acpi_id[0x06] high edge lint[0x1])
[    0.044971] ACPI: LAPIC_NMI (acpi_id[0x07] high edge lint[0x1])
[    0.044972] ACPI: LAPIC_NMI (acpi_id[0x08] high edge lint[0x1])
[    0.044972] ACPI: LAPIC_NMI (acpi_id[0x09] high edge lint[0x1])
[    0.044973] ACPI: LAPIC_NMI (acpi_id[0x0a] high edge lint[0x1])
[    0.044974] ACPI: LAPIC_NMI (acpi_id[0x0b] high edge lint[0x1])
[    0.044974] ACPI: LAPIC_NMI (acpi_id[0x0c] high edge lint[0x1])
[    0.044975] ACPI: LAPIC_NMI (acpi_id[0x0d] high edge lint[0x1])
[    0.044976] ACPI: LAPIC_NMI (acpi_id[0x0e] high edge lint[0x1])
[    0.044976] ACPI: LAPIC_NMI (acpi_id[0x0f] high edge lint[0x1])
[    0.044977] ACPI: LAPIC_NMI (acpi_id[0x10] high edge lint[0x1])
[    0.044978] ACPI: LAPIC_NMI (acpi_id[0x11] high edge lint[0x1])
[    0.044978] ACPI: LAPIC_NMI (acpi_id[0x12] high edge lint[0x1])
[    0.044979] ACPI: LAPIC_NMI (acpi_id[0x13] high edge lint[0x1])
[    0.044980] ACPI: LAPIC_NMI (acpi_id[0x14] high edge lint[0x1])
[    0.045016] IOAPIC[0]: apic_id 2, version 32, address 0xfec00000, GSI 0-119
[    0.045019] ACPI: INT_SRC_OVR (bus 0 bus_irq 0 global_irq 2 dfl dfl)
[    0.045021] ACPI: INT_SRC_OVR (bus 0 bus_irq 9 global_irq 9 high level)
[    0.045026] ACPI: Using ACPI (MADT) for SMP configuration information
[    0.045027] ACPI: HPET id: 0x8086a201 base: 0xfed00000
[    0.045031] TSC deadline timer available
[    0.045032] smpboot: Allowing 12 CPUs, 0 hotplug CPUs
[    0.045054] PM: hibernation: Registered nosave memory: [mem 0x00000000-0x00000fff]
[    0.045057] PM: hibernation: Registered nosave memory: [mem 0x0009e000-0x0009efff]
[    0.045059] PM: hibernation: Registered nosave memory: [mem 0x000a0000-0x000fffff]
[    0.045061] PM: hibernation: Registered nosave memory: [mem 0x36174000-0x36174fff]
[    0.045063] PM: hibernation: Registered nosave memory: [mem 0x37c10000-0x3a10ffff]
[    0.045064] PM: hibernation: Registered nosave memory: [mem 0x3a110000-0x3a38ffff]
[    0.045065] PM: hibernation: Registered nosave memory: [mem 0x3a390000-0x3a48ffff]
[    0.045065] PM: hibernation: Registered nosave memory: [mem 0x3a490000-0x3aefefff]
[    0.045066] PM: hibernation: Registered nosave memory: [mem 0x3aeff000-0x3affefff]
[    0.045068] PM: hibernation: Registered nosave memory: [mem 0x3b000000-0x3fffffff]
[    0.045069] PM: hibernation: Registered nosave memory: [mem 0x40000000-0xfbffffff]
[    0.045070] PM: hibernation: Registered nosave memory: [mem 0xfc000000-0xfc00ffff]
[    0.045070] PM: hibernation: Registered nosave memory: [mem 0xfc010000-0xfdffffff]
[    0.045071] PM: hibernation: Registered nosave memory: [mem 0xfe000000-0xfe010fff]
[    0.045072] PM: hibernation: Registered nosave memory: [mem 0xfe011000-0xfebfffff]
[    0.045072] PM: hibernation: Registered nosave memory: [mem 0xfec00000-0xfec00fff]
[    0.045073] PM: hibernation: Registered nosave memory: [mem 0xfec01000-0xfecfffff]
[    0.045074] PM: hibernation: Registered nosave memory: [mem 0xfed00000-0xfed00fff]
[    0.045074] PM: hibernation: Registered nosave memory: [mem 0xfed01000-0xfed1ffff]
[    0.045075] PM: hibernation: Registered nosave memory: [mem 0xfed20000-0xfed7ffff]
[    0.045076] PM: hibernation: Registered nosave memory: [mem 0xfed80000-0xfedfffff]
[    0.045076] PM: hibernation: Registered nosave memory: [mem 0xfee00000-0xfee00fff]
[    0.045077] PM: hibernation: Registered nosave memory: [mem 0xfee01000-0xffffffff]
[    0.045079] [mem 0x40000000-0xfbffffff] available for PCI devices
[    0.045080] Booting paravirtualized kernel on bare hardware
[    0.045082] clocksource: refined-jiffies: mask: 0xffffffff max_cycles: 0xffffffff, max_idle_ns: 7645519600211568 ns
[    0.045091] setup_percpu: NR_CPUS:256 nr_cpumask_bits:12 nr_cpu_ids:12 nr_node_ids:1
[    0.045677] percpu: Embedded 58 pages/cpu s199336 r8192 d30040 u262144
[    0.045687] pcpu-alloc: s199336 r8192 d30040 u262144 alloc=1*2097152
[    0.045689] pcpu-alloc: [0] 00 01 02 03 04 05 06 07 [0] 08 09 10 11 -- -- -- -- 
[    0.045719] Kernel command line: BOOT_IMAGE=/gnu/store/5aavj9jkwf20k2qp62k8a5y2cshjp80n-linux-6.5.12/bzImage root=root gnu.system=/gnu/store/21q630makq6h7ip8s1bz7dj68m4ijr0s-system gnu.load=/gnu/store/21q630makq6h7ip8s1bz7dj68m4ijr0s-system/boot iommu=pt intel_iommu=on pcie_acs_override=downstream,multifunction vfio-pci.ids=10de:1e89,10de:10f8,10de:1ad8,10de,1ad9
[    0.045807] DMAR: IOMMU enabled
[    0.045840] Unknown kernel command line parameters "BOOT_IMAGE=/gnu/store/5aavj9jkwf20k2qp62k8a5y2cshjp80n-linux-6.5.12/bzImage pcie_acs_override=downstream,multifunction", will be passed to user space.
[    0.045866] random: crng init done
[    0.047280] Dentry cache hash table entries: 2097152 (order: 12, 16777216 bytes, linear)
[    0.047993] Inode-cache hash table entries: 1048576 (order: 11, 8388608 bytes, linear)
[    0.048206] Fallback order for Node 0: 0 
[    0.048209] Built 1 zonelists, mobility grouping on.  Total pages: 4095264
[    0.048211] Policy zone: Normal
[    0.048216] mem auto-init: stack:byref_all(zero), heap alloc:on, heap free:off
[    0.048224] software IO TLB: area num 16.
[    0.087914] Memory: 16160680K/16641724K available (18432K kernel code, 2774K rwdata, 6584K rodata, 4100K init, 3200K bss, 480784K reserved, 0K cma-reserved)
[    0.088146] SLUB: HWalign=64, Order=0-3, MinObjects=0, CPUs=12, Nodes=1
[    0.088173] ftrace: allocating 49714 entries in 195 pages
[    0.097510] ftrace: allocated 195 pages with 4 groups
[    0.098327] Dynamic Preempt: voluntary
[    0.098366] rcu: Preemptible hierarchical RCU implementation.
[    0.098366] rcu: 	RCU restricting CPUs from NR_CPUS=256 to nr_cpu_ids=12.
[    0.098368] 	Trampoline variant of Tasks RCU enabled.
[    0.098368] 	Rude variant of Tasks RCU enabled.
[    0.098368] 	Tracing variant of Tasks RCU enabled.
[    0.098369] rcu: RCU calculated value of scheduler-enlistment delay is 25 jiffies.
[    0.098370] rcu: Adjusting geometry for rcu_fanout_leaf=16, nr_cpu_ids=12
[    0.101385] NR_IRQS: 16640, nr_irqs: 2152, preallocated irqs: 16
[    0.101687] rcu: srcu_init: Setting srcu_struct sizes based on contention.
[    0.101904] Console: colour dummy device 80x25
[    0.101906] printk: console [tty0] enabled
[    0.102310] ACPI: Core revision 20230331
[    0.102793] clocksource: hpet: mask: 0xffffffff max_cycles: 0xffffffff, max_idle_ns: 79635855245 ns
[    0.102896] APIC: Switch to symmetric I/O mode setup
[    0.102900] DMAR: Host address width 39
[    0.102902] DMAR: DRHD base: 0x000000fed91000 flags: 0x1
[    0.102910] DMAR: dmar0: reg_base_addr fed91000 ver 1:0 cap d2008c40660462 ecap f050da
[    0.102916] DMAR-IR: IOAPIC id 2 under DRHD base  0xfed91000 IOMMU 0
[    0.102919] DMAR-IR: HPET id 0 under DRHD base 0xfed91000
[    0.102922] DMAR-IR: Queued invalidation will be enabled to support x2apic and Intr-remapping.
[    0.104386] DMAR-IR: Enabled IRQ remapping in x2apic mode
[    0.104390] x2apic enabled
[    0.104411] Switched APIC routing to cluster x2apic.
[    0.108870] ..TIMER: vector=0x30 apic1=0 pin1=2 apic2=-1 pin2=-1
[    0.126854] clocksource: tsc-early: mask: 0xffffffffffffffff max_cycles: 0x255cb6cc5db, max_idle_ns: 440795203504 ns
[    0.126863] Calibrating delay loop (skipped), value calculated using timer frequency.. 5184.00 BogoMIPS (lpj=10368000)
[    0.126895] CPU0: Thermal monitoring enabled (TM1)
[    0.126899] x86/cpu: User Mode Instruction Prevention (UMIP) activated
[    0.126968] process: using mwait in idle threads
[    0.126972] Last level iTLB entries: 4KB 0, 2MB 0, 4MB 0
[    0.126975] Last level dTLB entries: 4KB 0, 2MB 0, 4MB 0, 1GB 0
[    0.126980] Spectre V1 : Mitigation: usercopy/swapgs barriers and __user pointer sanitization
[    0.126985] Spectre V2 : Mitigation: Enhanced / Automatic IBRS
[    0.126987] Spectre V2 : Spectre v2 / SpectreRSB mitigation: Filling RSB on context switch
[    0.126991] Spectre V2 : Spectre v2 / PBRSB-eIBRS: Retire a single CALL on VMEXIT
[    0.126993] RETBleed: Mitigation: Enhanced IBRS
[    0.126997] Spectre V2 : mitigation: Enabling conditional Indirect Branch Prediction Barrier
[    0.127001] Speculative Store Bypass: Mitigation: Speculative Store Bypass disabled via prctl
[    0.127009] MMIO Stale Data: Vulnerable: Clear CPU buffers attempted, no microcode
[    0.127012] GDS: Vulnerable: No microcode
[    0.127022] x86/fpu: Supporting XSAVE feature 0x001: 'x87 floating point registers'
[    0.127025] x86/fpu: Supporting XSAVE feature 0x002: 'SSE registers'
[    0.127028] x86/fpu: Supporting XSAVE feature 0x004: 'AVX registers'
[    0.127030] x86/fpu: Supporting XSAVE feature 0x008: 'MPX bounds registers'
[    0.127033] x86/fpu: Supporting XSAVE feature 0x010: 'MPX CSR'
[    0.127035] x86/fpu: Supporting XSAVE feature 0x020: 'AVX-512 opmask'
[    0.127038] x86/fpu: Supporting XSAVE feature 0x040: 'AVX-512 Hi256'
[    0.127040] x86/fpu: Supporting XSAVE feature 0x080: 'AVX-512 ZMM_Hi256'
[    0.127042] x86/fpu: Supporting XSAVE feature 0x200: 'Protection Keys User registers'
[    0.127046] x86/fpu: xstate_offset[2]:  576, xstate_sizes[2]:  256
[    0.127048] x86/fpu: xstate_offset[3]:  832, xstate_sizes[3]:   64
[    0.127051] x86/fpu: xstate_offset[4]:  896, xstate_sizes[4]:   64
[    0.127054] x86/fpu: xstate_offset[5]:  960, xstate_sizes[5]:   64
[    0.127056] x86/fpu: xstate_offset[6]: 1024, xstate_sizes[6]:  512
[    0.127058] x86/fpu: xstate_offset[7]: 1536, xstate_sizes[7]: 1024
[    0.127061] x86/fpu: xstate_offset[9]: 2560, xstate_sizes[9]:    8
[    0.127064] x86/fpu: Enabled xstate features 0x2ff, context size is 2568 bytes, using 'compacted' format.
[    0.153008] Freeing SMP alternatives memory: 44K
[    0.153014] pid_max: default: 32768 minimum: 301
[    0.155355] LSM: initializing lsm=capability,yama,apparmor,tomoyo,integrity
[    0.155370] Yama: becoming mindful.
[    0.155392] AppArmor: AppArmor initialized
[    0.155395] TOMOYO Linux initialized
[    0.155443] Mount-cache hash table entries: 32768 (order: 6, 262144 bytes, linear)
[    0.155465] Mountpoint-cache hash table entries: 32768 (order: 6, 262144 bytes, linear)
[    0.155904] smpboot: CPU0: 11th Gen Intel(R) Core(TM) i5-11400F @ 2.60GHz (family: 0x6, model: 0xa7, stepping: 0x1)
[    0.156014] RCU Tasks: Setting shift to 4 and lim to 1 rcu_task_cb_adjust=1.
[    0.156028] RCU Tasks Rude: Setting shift to 4 and lim to 1 rcu_task_cb_adjust=1.
[    0.156040] RCU Tasks Trace: Setting shift to 4 and lim to 1 rcu_task_cb_adjust=1.
[    0.156051] Performance Events: PEBS fmt4+-baseline,  AnyThread deprecated, Icelake events, 32-deep LBR, full-width counters, Intel PMU driver.
[    0.156089] ... version:                5
[    0.156091] ... bit width:              48
[    0.156092] ... generic registers:      8
[    0.156094] ... value mask:             0000ffffffffffff
[    0.156096] ... max period:             00007fffffffffff
[    0.156098] ... fixed-purpose events:   4
[    0.156099] ... event mask:             0001000f000000ff
[    0.156200] signal: max sigframe size: 3632
[    0.156214] Estimated ratio of average max frequency by base frequency (times 1024): 1693
[    0.156237] rcu: Hierarchical SRCU implementation.
[    0.156239] rcu: 	Max phase no-delay instances is 1000.
[    0.157031] NMI watchdog: Enabled. Permanently consumes one hw-PMU counter.
[    0.157124] smp: Bringing up secondary CPUs ...
[    0.157207] smpboot: x86: Booting SMP configuration:
[    0.157209] .... node  #0, CPUs:        #1  #2  #3  #4  #5  #6  #7  #8  #9 #10 #11
[    0.159525] MMIO Stale Data CPU bug present and SMT on, data leak possible. See https://www.kernel.org/doc/html/latest/admin-guide/hw-vuln/processor_mmio_stale_data.html for more details.
[    0.159525] smp: Brought up 1 node, 12 CPUs
[    0.159525] smpboot: Max logical packages: 1
[    0.159525] smpboot: Total of 12 processors activated (62208.00 BogoMIPS)
[    0.163255] devtmpfs: initialized
[    0.163255] x86/mm: Memory block size: 128MB
[    0.164156] ACPI: PM: Registering ACPI NVS region [mem 0x3a390000-0x3a48ffff] (1048576 bytes)
[    0.164156] clocksource: jiffies: mask: 0xffffffff max_cycles: 0xffffffff, max_idle_ns: 7645041785100000 ns
[    0.164156] futex hash table entries: 4096 (order: 6, 262144 bytes, linear)
[    0.164156] pinctrl core: initialized pinctrl subsystem
[    0.164156] PM: RTC time: 03:44:01, date: 2023-11-23
[    0.164156] NET: Registered PF_NETLINK/PF_ROUTE protocol family
[    0.164156] audit: initializing netlink subsys (disabled)
[    0.164156] audit: type=2000 audit(1700711041.060:1): state=initialized audit_enabled=0 res=1
[    0.164156] thermal_sys: Registered thermal governor 'fair_share'
[    0.164156] thermal_sys: Registered thermal governor 'bang_bang'
[    0.164156] thermal_sys: Registered thermal governor 'step_wise'
[    0.164156] thermal_sys: Registered thermal governor 'user_space'
[    0.164156] cpuidle: using governor ladder
[    0.164156] cpuidle: using governor menu
[    0.164156] ACPI FADT declares the system doesn't support PCIe ASPM, so disable it
[    0.164156] acpiphp: ACPI Hot Plug PCI Controller Driver version: 0.5
[    0.164156] PCI: MMCONFIG for domain 0000 [bus 00-ff] at [mem 0xe0000000-0xefffffff] (base 0xe0000000)
[    0.164156] PCI: not using MMCONFIG
[    0.164156] PCI: Using configuration type 1 for base access
[    0.164156] kprobes: kprobe jump-optimization is enabled. All kprobes are optimized if possible.
[    0.164156] HugeTLB: registered 1.00 GiB page size, pre-allocated 0 pages
[    0.164156] HugeTLB: 16380 KiB vmemmap can be freed for a 1.00 GiB page
[    0.164156] HugeTLB: registered 2.00 MiB page size, pre-allocated 0 pages
[    0.164156] HugeTLB: 28 KiB vmemmap can be freed for a 2.00 MiB page
[    0.164156] ACPI: Added _OSI(Module Device)
[    0.164156] ACPI: Added _OSI(Processor Device)
[    0.164156] ACPI: Added _OSI(3.0 _SCP Extensions)
[    0.164156] ACPI: Added _OSI(Processor Aggregator Device)
[    0.240141] ACPI: 13 ACPI AML tables successfully acquired and loaded
[    1.255268] ACPI: Dynamic OEM Table Load:
[    1.255280] ACPI: SSDT 0xFFFF9D6C802DD000 0001CB (v02 PmRef  Cpu0Psd  00003000 INTL 20180209)
[    1.256214] ACPI: \_SB_.PR00: _OSC native thermal LVT Acked
[    1.258384] ACPI: Dynamic OEM Table Load:
[    1.258394] ACPI: SSDT 0xFFFF9D6C81704800 000455 (v02 PmRef  Cpu0Cst  00003001 INTL 20180209)
[    1.259759] ACPI: Dynamic OEM Table Load:
[    1.259768] ACPI: SSDT 0xFFFF9D6C81705000 000581 (v02 PmRef  Cpu0Ist  00003000 INTL 20180209)
[    1.260917] ACPI: Dynamic OEM Table Load:
[    1.260924] ACPI: SSDT 0xFFFF9D6C814AA800 000286 (v02 PmRef  Cpu0Hwp  00003000 INTL 20180209)
[    1.262180] ACPI: Dynamic OEM Table Load:
[    1.262189] ACPI: SSDT 0xFFFF9D6C8018D000 0008E7 (v02 PmRef  ApIst    00003000 INTL 20180209)
[    1.263399] ACPI: Dynamic OEM Table Load:
[    1.263407] ACPI: SSDT 0xFFFF9D6C81702000 00048A (v02 PmRef  ApHwp    00003000 INTL 20180209)
[    1.264537] ACPI: Dynamic OEM Table Load:
[    1.264545] ACPI: SSDT 0xFFFF9D6C81703800 0004D4 (v02 PmRef  ApPsd    00003000 INTL 20180209)
[    1.265675] ACPI: Dynamic OEM Table Load:
[    1.265683] ACPI: SSDT 0xFFFF9D6C81705800 00048A (v02 PmRef  ApCst    00003000 INTL 20180209)
[    1.274045] ACPI: Interpreter enabled
[    1.274107] ACPI: PM: (supports S0 S3 S4 S5)
[    1.274109] ACPI: Using IOAPIC for interrupt routing
[    1.275637] PCI: MMCONFIG for domain 0000 [bus 00-ff] at [mem 0xe0000000-0xefffffff] (base 0xe0000000)
[    1.277940] PCI: MMCONFIG at [mem 0xe0000000-0xefffffff] reserved as ACPI motherboard resource
[    1.277954] PCI: Using host bridge windows from ACPI; if necessary, use "pci=nocrs" and report a bug
[    1.277957] PCI: Using E820 reservations for host bridge windows
[    1.279754] ACPI: Enabled 6 GPEs in block 00 to 7F
[    1.287736] ACPI: \_SB_.PC00.RP21.PXP_: New power resource
[    1.295059] ACPI: \_SB_.PC00.PAUD: New power resource
[    1.300118] ACPI: \_SB_.PC00.I2C3.PXTC: New power resource
[    1.305003] ACPI: \_SB_.PC00.CNVW.WRST: New power resource
[    1.305119] ACPI: \_SB_.PC00.SAT0.PRT0.SPR0: New power resource
[    1.305200] ACPI: \_SB_.PC00.SAT0.PRT1.SPR1: New power resource
[    1.305280] ACPI: \_SB_.PC00.SAT0.PRT2.SPR2: New power resource
[    1.305360] ACPI: \_SB_.PC00.SAT0.PRT3.SPR3: New power resource
[    1.305462] ACPI: \_SB_.PC00.SAT0.PRT5.SPR5: New power resource
[    1.305589] ACPI: \_SB_.PC00.SAT0.VOL0.V0PR: New power resource
[    1.305706] ACPI: \_SB_.PC00.SAT0.VOL1.V1PR: New power resource
[    1.305816] ACPI: \_SB_.PC00.SAT0.VOL2.V2PR: New power resource
[    1.313085] ACPI: \_TZ_.FN00: New power resource
[    1.313148] ACPI: \_TZ_.FN01: New power resource
[    1.313205] ACPI: \_TZ_.FN02: New power resource
[    1.313262] ACPI: \_TZ_.FN03: New power resource
[    1.313320] ACPI: \_TZ_.FN04: New power resource
[    1.313928] ACPI: \PIN_: New power resource
[    1.314703] ACPI: PCI Root Bridge [PC00] (domain 0000 [bus 00-fe])
[    1.314711] acpi PNP0A08:00: _OSC: OS supports [ExtendedConfig ASPM ClockPM Segments MSI HPX-Type3]
[    1.317328] acpi PNP0A08:00: _OSC: OS now controls [PCIeHotplug SHPCHotplug PME AER PCIeCapability LTR]
[    1.317332] acpi PNP0A08:00: FADT indicates ASPM is unsupported, using BIOS configuration
[    1.318691] PCI host bridge to bus 0000:00
[    1.318694] pci_bus 0000:00: root bus resource [io  0x0000-0x0cf7 window]
[    1.318698] pci_bus 0000:00: root bus resource [io  0x0d00-0xffff window]
[    1.318701] pci_bus 0000:00: root bus resource [mem 0x000a0000-0x000bffff window]
[    1.318704] pci_bus 0000:00: root bus resource [mem 0x000e0000-0x000fffff window]
[    1.318707] pci_bus 0000:00: root bus resource [mem 0x40000000-0xdfffffff window]
[    1.318710] pci_bus 0000:00: root bus resource [bus 00-fe]
[    1.318931] pci 0000:00:00.0: [8086:4c53] type 00 class 0x060000
[    1.319046] pci 0000:00:01.0: [8086:4c01] type 01 class 0x060400
[    1.319129] pci 0000:00:01.0: PME# supported from D0 D3hot D3cold
[    1.319160] pci 0000:00:01.0: PTM enabled (root), 4ns granularity
[    1.319709] pci 0000:00:06.0: [8086:4c09] type 01 class 0x060400
[    1.319792] pci 0000:00:06.0: PME# supported from D0 D3hot D3cold
[    1.319823] pci 0000:00:06.0: PTM enabled (root), 4ns granularity
[    1.320385] pci 0000:00:14.0: [8086:43ed] type 00 class 0x0c0330
[    1.320409] pci 0000:00:14.0: reg 0x10: [mem 0x54500000-0x5450ffff 64bit]
[    1.320497] pci 0000:00:14.0: PME# supported from D3hot D3cold
[    1.322191] pci 0000:00:14.2: [8086:43ef] type 00 class 0x050000
[    1.322215] pci 0000:00:14.2: reg 0x10: [mem 0x54514000-0x54517fff 64bit]
[    1.322231] pci 0000:00:14.2: reg 0x18: [mem 0x5451e000-0x5451efff 64bit]
[    1.322368] pci 0000:00:16.0: [8086:43e0] type 00 class 0x078000
[    1.322393] pci 0000:00:16.0: reg 0x10: [mem 0x5451d000-0x5451dfff 64bit]
[    1.322483] pci 0000:00:16.0: PME# supported from D3hot
[    1.326862] pci 0000:00:17.0: [8086:43d2] type 00 class 0x010601
[    1.326862] pci 0000:00:17.0: reg 0x10: [mem 0x54518000-0x54519fff]
[    1.326862] pci 0000:00:17.0: reg 0x14: [mem 0x5451c000-0x5451c0ff]
[    1.326862] pci 0000:00:17.0: reg 0x18: [io  0x6050-0x6057]
[    1.326862] pci 0000:00:17.0: reg 0x1c: [io  0x6040-0x6043]
[    1.326862] pci 0000:00:17.0: reg 0x20: [io  0x6020-0x603f]
[    1.326862] pci 0000:00:17.0: reg 0x24: [mem 0x5451b000-0x5451b7ff]
[    1.326862] pci 0000:00:17.0: PME# supported from D3hot
[    1.326862] pci 0000:00:1b.0: [8086:43c4] type 01 class 0x060400
[    1.326862] pci 0000:00:1b.0: PME# supported from D0 D3hot D3cold
[    1.326862] pci 0000:00:1c.0: [8086:43bc] type 01 class 0x060400
[    1.326862] pci 0000:00:1c.0: PME# supported from D0 D3hot D3cold
[    1.326862] pci 0000:00:1c.0: PTM enabled (root), 4ns granularity
[    1.326862] pci 0000:00:1c.7: [8086:43bf] type 01 class 0x060400
[    1.326862] pci 0000:00:1c.7: PME# supported from D0 D3hot D3cold
[    1.326862] pci 0000:00:1c.7: PTM enabled (root), 4ns granularity
[    1.326862] pci 0000:00:1d.0: [8086:43b0] type 01 class 0x060400
[    1.326862] pci 0000:00:1d.0: PME# supported from D0 D3hot D3cold
[    1.326862] pci 0000:00:1f.0: [8086:4387] type 00 class 0x060100
[    1.326987] pci 0000:00:1f.3: [8086:43c8] type 00 class 0x040300
[    1.327030] pci 0000:00:1f.3: reg 0x10: [mem 0x54510000-0x54513fff 64bit]
[    1.327083] pci 0000:00:1f.3: reg 0x20: [mem 0x54100000-0x541fffff 64bit]
[    1.327186] pci 0000:00:1f.3: PME# supported from D3hot D3cold
[    1.327675] pci 0000:00:1f.4: [8086:43a3] type 00 class 0x0c0500
[    1.327703] pci 0000:00:1f.4: reg 0x10: [mem 0x5451a000-0x5451a0ff 64bit]
[    1.327735] pci 0000:00:1f.4: reg 0x20: [io  0xefa0-0xefbf]
[    1.327970] pci 0000:00:1f.5: [8086:43a4] type 00 class 0x0c8000
[    1.327992] pci 0000:00:1f.5: reg 0x10: [mem 0xfe010000-0xfe010fff]
[    1.328153] pci 0000:01:00.0: [10de:1e89] type 00 class 0x030000
[    1.328171] pci 0000:01:00.0: reg 0x10: [mem 0x53000000-0x53ffffff]
[    1.328186] pci 0000:01:00.0: reg 0x14: [mem 0x40000000-0x4fffffff 64bit pref]
[    1.328202] pci 0000:01:00.0: reg 0x1c: [mem 0x50000000-0x51ffffff 64bit pref]
[    1.328212] pci 0000:01:00.0: reg 0x24: [io  0x5000-0x507f]
[    1.328223] pci 0000:01:00.0: reg 0x30: [mem 0x54000000-0x5407ffff pref]
[    1.328246] pci 0000:01:00.0: BAR 1: assigned to efifb
[    1.328300] pci 0000:01:00.0: PME# supported from D0 D3hot D3cold
[    1.328388] pci 0000:01:00.0: 32.000 Gb/s available PCIe bandwidth, limited by 2.5 GT/s PCIe x16 link at 0000:00:01.0 (capable of 126.016 Gb/s with 8.0 GT/s PCIe x16 link)
[    1.328516] pci 0000:01:00.1: [10de:10f8] type 00 class 0x040300
[    1.328531] pci 0000:01:00.1: reg 0x10: [mem 0x54080000-0x54083fff]
[    1.328686] pci 0000:01:00.2: [10de:1ad8] type 00 class 0x0c0330
[    1.328708] pci 0000:01:00.2: reg 0x10: [mem 0x52000000-0x5203ffff 64bit pref]
[    1.328731] pci 0000:01:00.2: reg 0x1c: [mem 0x52040000-0x5204ffff 64bit pref]
[    1.328803] pci 0000:01:00.2: PME# supported from D0 D3hot D3cold
[    1.328873] pci 0000:01:00.3: [10de:1ad9] type 00 class 0x0c8000
[    1.328888] pci 0000:01:00.3: reg 0x10: [mem 0x54084000-0x54084fff]
[    1.328979] pci 0000:01:00.3: PME# supported from D0 D3hot D3cold
[    1.329052] pci 0000:00:01.0: PCI bridge to [bus 01]
[    1.329056] pci 0000:00:01.0:   bridge window [io  0x5000-0x5fff]
[    1.329060] pci 0000:00:01.0:   bridge window [mem 0x53000000-0x540fffff]
[    1.329065] pci 0000:00:01.0:   bridge window [mem 0x40000000-0x520fffff 64bit pref]
[    1.329126] pci 0000:02:00.0: [8086:f1a8] type 00 class 0x010802
[    1.329149] pci 0000:02:00.0: reg 0x10: [mem 0x54400000-0x54403fff 64bit]
[    1.329404] pci 0000:00:06.0: PCI bridge to [bus 02]
[    1.329409] pci 0000:00:06.0:   bridge window [mem 0x54400000-0x544fffff]
[    1.329480] pci 0000:00:1b.0: PCI bridge to [bus 03]
[    1.329571] pci 0000:04:00.0: [10ec:8168] type 00 class 0x020000
[    1.329596] pci 0000:04:00.0: reg 0x10: [io  0x4000-0x40ff]
[    1.329630] pci 0000:04:00.0: reg 0x18: [mem 0x54304000-0x54304fff 64bit]
[    1.329652] pci 0000:04:00.0: reg 0x20: [mem 0x54300000-0x54303fff 64bit]
[    1.329779] pci 0000:04:00.0: supports D1 D2
[    1.329781] pci 0000:04:00.0: PME# supported from D0 D1 D2 D3hot D3cold
[    1.329999] pci 0000:00:1c.0: PCI bridge to [bus 04]
[    1.330004] pci 0000:00:1c.0:   bridge window [io  0x4000-0x4fff]
[    1.330008] pci 0000:00:1c.0:   bridge window [mem 0x54300000-0x543fffff]
[    1.330092] pci 0000:05:00.0: [10ec:c821] type 00 class 0x028000
[    1.330117] pci 0000:05:00.0: reg 0x10: [io  0x3000-0x30ff]
[    1.330148] pci 0000:05:00.0: reg 0x18: [mem 0x54200000-0x5420ffff 64bit]
[    1.330305] pci 0000:05:00.0: supports D1 D2
[    1.330307] pci 0000:05:00.0: PME# supported from D0 D1 D2 D3hot D3cold
[    1.330585] pci 0000:00:1c.7: PCI bridge to [bus 05]
[    1.330589] pci 0000:00:1c.7:   bridge window [io  0x3000-0x3fff]
[    1.330594] pci 0000:00:1c.7:   bridge window [mem 0x54200000-0x542fffff]
[    1.330658] pci 0000:00:1d.0: PCI bridge to [bus 06]
[    1.333638] ACPI: PCI: Interrupt link LNKA configured for IRQ 0
[    1.333741] ACPI: PCI: Interrupt link LNKB configured for IRQ 1
[    1.333841] ACPI: PCI: Interrupt link LNKC configured for IRQ 0
[    1.333942] ACPI: PCI: Interrupt link LNKD configured for IRQ 0
[    1.334041] ACPI: PCI: Interrupt link LNKE configured for IRQ 0
[    1.334141] ACPI: PCI: Interrupt link LNKF configured for IRQ 0
[    1.334241] ACPI: PCI: Interrupt link LNKG configured for IRQ 0
[    1.334341] ACPI: PCI: Interrupt link LNKH configured for IRQ 0
[    1.346872] iommu: Default domain type: Passthrough (set via kernel command line)
[    1.347010] SCSI subsystem initialized
[    1.347018] libata version 3.00 loaded.
[    1.347018] ACPI: bus type USB registered
[    1.347018] usbcore: registered new interface driver usbfs
[    1.347018] usbcore: registered new interface driver hub
[    1.347018] usbcore: registered new device driver usb
[    1.347018] EDAC MC: Ver: 3.0.0
[    1.347018] efivars: Registered efivars operations
[    1.347056] NetLabel: Initializing
[    1.347059] NetLabel:  domain hash size = 128
[    1.347060] NetLabel:  protocols = UNLABELED CIPSOv4 CALIPSO
[    1.347075] NetLabel:  unlabeled traffic allowed by default
[    1.347089] mctp: management component transport protocol core
[    1.347089] NET: Registered PF_MCTP protocol family
[    1.347089] PCI: Using ACPI for IRQ routing
[    1.367825] PCI: pci_cache_line_size set to 64 bytes
[    1.367887] pci 0000:00:1f.5: can't claim BAR 0 [mem 0xfe010000-0xfe010fff]: no compatible bridge window
[    1.367942] e820: reserve RAM buffer [mem 0x0009e000-0x0009ffff]
[    1.367944] e820: reserve RAM buffer [mem 0x36174000-0x37ffffff]
[    1.367945] e820: reserve RAM buffer [mem 0x37c10000-0x37ffffff]
[    1.367946] e820: reserve RAM buffer [mem 0x3b000000-0x3bffffff]
[    1.370868] pci 0000:01:00.0: vgaarb: setting as boot VGA device
[    1.370871] pci 0000:01:00.0: vgaarb: bridge control possible
[    1.370873] pci 0000:01:00.0: vgaarb: VGA device added: decodes=io+mem,owns=none,locks=none
[    1.370877] vgaarb: loaded
[    1.370936] hpet0: at MMIO 0xfed00000, IRQs 2, 8, 0, 0, 0, 0, 0, 0
[    1.370943] hpet0: 8 comparators, 64-bit 24.000000 MHz counter
[    1.373022] clocksource: Switched to clocksource tsc-early
[    1.373129] VFS: Disk quotas dquot_6.6.0
[    1.373141] VFS: Dquot-cache hash table entries: 512 (order 0, 4096 bytes)
[    1.373243] AppArmor: AppArmor Filesystem Enabled
[    1.373273] pnp: PnP ACPI init
[    1.373487] system 00:00: [io  0x0a00-0x0a2f] has been reserved
[    1.373491] system 00:00: [io  0x0a30-0x0a3f] has been reserved
[    1.373494] system 00:00: [io  0x0a40-0x0a4f] has been reserved
[    1.373494] system 00:02: [io  0x0680-0x069f] has been reserved
[    1.373494] system 00:02: [io  0x164e-0x164f] has been reserved
[    1.373494] system 00:03: [io  0x1854-0x1857] has been reserved
[    1.373494] system 00:04: [mem 0xfed10000-0xfed17fff] has been reserved
[    1.373494] system 00:04: [mem 0xfeda0000-0xfeda0fff] has been reserved
[    1.373494] system 00:04: [mem 0xfeda1000-0xfeda1fff] has been reserved
[    1.373494] system 00:04: [mem 0xe0000000-0xefffffff] has been reserved
[    1.373494] system 00:04: [mem 0xfed20000-0xfed7ffff] could not be reserved
[    1.373494] system 00:04: [mem 0xfed90000-0xfed93fff] could not be reserved
[    1.373494] system 00:04: [mem 0xfed45000-0xfed8ffff] could not be reserved
[    1.373494] system 00:04: [mem 0xfee00000-0xfeefffff] could not be reserved
[    1.373550] system 00:05: [mem 0xfc000000-0xfc00ffff] has been reserved
[    1.374072] system 00:06: [io  0x1800-0x18fe] could not be reserved
[    1.374076] system 00:06: [mem 0xfe000000-0xfe01ffff] could not be reserved
[    1.374079] system 00:06: [mem 0xfe04c000-0xfe04ffff] has been reserved
[    1.374082] system 00:06: [mem 0xfe050000-0xfe0affff] has been reserved
[    1.374085] system 00:06: [mem 0xfe0d0000-0xfe0fffff] has been reserved
[    1.374088] system 00:06: [mem 0xfe200000-0xfe7fffff] has been reserved
[    1.374091] system 00:06: [mem 0xff000000-0xffffffff] has been reserved
[    1.374094] system 00:06: [mem 0xfd000000-0xfd68ffff] has been reserved
[    1.374096] system 00:06: [mem 0xfd6c0000-0xfd6cffff] has been reserved
[    1.374099] system 00:06: [mem 0xfd6f0000-0xfdffffff] has been reserved
[    1.374440] system 00:07: [io  0x2000-0x20fe] has been reserved
[    1.375497] pnp: PnP ACPI: found 9 devices
[    1.381084] clocksource: acpi_pm: mask: 0xffffff max_cycles: 0xffffff, max_idle_ns: 2085701024 ns
[    1.381140] NET: Registered PF_INET protocol family
[    1.381309] IP idents hash table entries: 262144 (order: 9, 2097152 bytes, linear)
[    1.384358] tcp_listen_portaddr_hash hash table entries: 8192 (order: 5, 131072 bytes, linear)
[    1.384390] Table-perturb hash table entries: 65536 (order: 6, 262144 bytes, linear)
[    1.384476] TCP established hash table entries: 131072 (order: 8, 1048576 bytes, linear)
[    1.384741] TCP bind hash table entries: 65536 (order: 9, 2097152 bytes, linear)
[    1.384915] TCP: Hash tables configured (established 131072 bind 65536)
[    1.385010] MPTCP token hash table entries: 16384 (order: 6, 393216 bytes, linear)
[    1.385059] UDP hash table entries: 8192 (order: 6, 262144 bytes, linear)
[    1.385099] UDP-Lite hash table entries: 8192 (order: 6, 262144 bytes, linear)
[    1.385148] NET: Registered PF_UNIX/PF_LOCAL protocol family
[    1.385158] NET: Registered PF_XDP protocol family
[    1.385167] pci 0000:00:1b.0: bridge window [io  0x1000-0x0fff] to [bus 03] add_size 1000
[    1.385172] pci 0000:00:1b.0: bridge window [mem 0x00100000-0x000fffff 64bit pref] to [bus 03] add_size 200000 add_align 100000
[    1.385176] pci 0000:00:1b.0: bridge window [mem 0x00100000-0x000fffff] to [bus 03] add_size 200000 add_align 100000
[    1.385181] pci 0000:00:1d.0: bridge window [io  0x1000-0x0fff] to [bus 06] add_size 1000
[    1.385184] pci 0000:00:1d.0: bridge window [mem 0x00100000-0x000fffff 64bit pref] to [bus 06] add_size 200000 add_align 100000
[    1.385188] pci 0000:00:1d.0: bridge window [mem 0x00100000-0x000fffff] to [bus 06] add_size 200000 add_align 100000
[    1.385197] pci 0000:00:1b.0: BAR 14: assigned [mem 0x52100000-0x522fffff]
[    1.385201] pci 0000:00:1b.0: BAR 15: assigned [mem 0x52300000-0x524fffff 64bit pref]
[    1.385205] pci 0000:00:1d.0: BAR 14: assigned [mem 0x52500000-0x526fffff]
[    1.385208] pci 0000:00:1d.0: BAR 15: assigned [mem 0x52700000-0x528fffff 64bit pref]
[    1.385212] pci 0000:00:1b.0: BAR 13: assigned [io  0x7000-0x7fff]
[    1.385215] pci 0000:00:1d.0: BAR 13: assigned [io  0x8000-0x8fff]
[    1.385217] resource: avoiding allocation from e820 entry [mem 0x000a0000-0x000fffff]
[    1.385220] resource: avoiding allocation from e820 entry [mem 0x000a0000-0x000fffff]
[    1.385223] pci 0000:00:1f.5: BAR 0: assigned [mem 0x52900000-0x52900fff]
[    1.385241] pci 0000:00:01.0: PCI bridge to [bus 01]
[    1.385244] pci 0000:00:01.0:   bridge window [io  0x5000-0x5fff]
[    1.385249] pci 0000:00:01.0:   bridge window [mem 0x53000000-0x540fffff]
[    1.385252] pci 0000:00:01.0:   bridge window [mem 0x40000000-0x520fffff 64bit pref]
[    1.385258] pci 0000:00:06.0: PCI bridge to [bus 02]
[    1.385262] pci 0000:00:06.0:   bridge window [mem 0x54400000-0x544fffff]
[    1.385269] pci 0000:00:1b.0: PCI bridge to [bus 03]
[    1.385282] pci 0000:00:1b.0:   bridge window [io  0x7000-0x7fff]
[    1.385288] pci 0000:00:1b.0:   bridge window [mem 0x52100000-0x522fffff]
[    1.385293] pci 0000:00:1b.0:   bridge window [mem 0x52300000-0x524fffff 64bit pref]
[    1.385301] pci 0000:00:1c.0: PCI bridge to [bus 04]
[    1.385304] pci 0000:00:1c.0:   bridge window [io  0x4000-0x4fff]
[    1.385309] pci 0000:00:1c.0:   bridge window [mem 0x54300000-0x543fffff]
[    1.385319] pci 0000:00:1c.7: PCI bridge to [bus 05]
[    1.385322] pci 0000:00:1c.7:   bridge window [io  0x3000-0x3fff]
[    1.385327] pci 0000:00:1c.7:   bridge window [mem 0x54200000-0x542fffff]
[    1.385336] pci 0000:00:1d.0: PCI bridge to [bus 06]
[    1.385343] pci 0000:00:1d.0:   bridge window [io  0x8000-0x8fff]
[    1.385349] pci 0000:00:1d.0:   bridge window [mem 0x52500000-0x526fffff]
[    1.385354] pci 0000:00:1d.0:   bridge window [mem 0x52700000-0x528fffff 64bit pref]
[    1.385362] pci_bus 0000:00: resource 4 [io  0x0000-0x0cf7 window]
[    1.385365] pci_bus 0000:00: resource 5 [io  0x0d00-0xffff window]
[    1.385368] pci_bus 0000:00: resource 6 [mem 0x000a0000-0x000bffff window]
[    1.385370] pci_bus 0000:00: resource 7 [mem 0x000e0000-0x000fffff window]
[    1.385373] pci_bus 0000:00: resource 8 [mem 0x40000000-0xdfffffff window]
[    1.385375] pci_bus 0000:01: resource 0 [io  0x5000-0x5fff]
[    1.385378] pci_bus 0000:01: resource 1 [mem 0x53000000-0x540fffff]
[    1.385380] pci_bus 0000:01: resource 2 [mem 0x40000000-0x520fffff 64bit pref]
[    1.385383] pci_bus 0000:02: resource 1 [mem 0x54400000-0x544fffff]
[    1.385386] pci_bus 0000:03: resource 0 [io  0x7000-0x7fff]
[    1.385388] pci_bus 0000:03: resource 1 [mem 0x52100000-0x522fffff]
[    1.385390] pci_bus 0000:03: resource 2 [mem 0x52300000-0x524fffff 64bit pref]
[    1.385393] pci_bus 0000:04: resource 0 [io  0x4000-0x4fff]
[    1.385395] pci_bus 0000:04: resource 1 [mem 0x54300000-0x543fffff]
[    1.385398] pci_bus 0000:05: resource 0 [io  0x3000-0x3fff]
[    1.385400] pci_bus 0000:05: resource 1 [mem 0x54200000-0x542fffff]
[    1.385402] pci_bus 0000:06: resource 0 [io  0x8000-0x8fff]
[    1.385405] pci_bus 0000:06: resource 1 [mem 0x52500000-0x526fffff]
[    1.385407] pci_bus 0000:06: resource 2 [mem 0x52700000-0x528fffff 64bit pref]
[    1.385891] pci 0000:01:00.1: extending delay after power-on from D3hot to 20 msec
[    1.385918] pci 0000:01:00.1: D0 power state depends on 0000:01:00.0
[    1.385982] pci 0000:01:00.2: D0 power state depends on 0000:01:00.0
[    1.386170] pci 0000:01:00.3: D0 power state depends on 0000:01:00.0
[    1.386189] PCI: CLS 64 bytes, default 64
[    1.386239] DMAR: No RMRR found
[    1.386241] DMAR: No ATSR found
[    1.386242] DMAR: No SATC found
[    1.386244] DMAR: dmar0: Using Queued invalidation
[    1.386271] Trying to unpack rootfs image as initramfs...
[    1.386285] pci 0000:00:00.0: Adding to iommu group 0
[    1.386298] pci 0000:00:01.0: Adding to iommu group 1
[    1.386308] pci 0000:00:06.0: Adding to iommu group 2
[    1.386324] pci 0000:00:14.0: Adding to iommu group 3
[    1.386332] pci 0000:00:14.2: Adding to iommu group 3
[    1.386344] pci 0000:00:16.0: Adding to iommu group 4
[    1.386353] pci 0000:00:17.0: Adding to iommu group 5
[    1.386366] pci 0000:00:1b.0: Adding to iommu group 6
[    1.386383] pci 0000:00:1c.0: Adding to iommu group 7
[    1.386404] pci 0000:00:1c.7: Adding to iommu group 8
[    1.386417] pci 0000:00:1d.0: Adding to iommu group 9
[    1.386440] pci 0000:00:1f.0: Adding to iommu group 10
[    1.386449] pci 0000:00:1f.3: Adding to iommu group 10
[    1.386459] pci 0000:00:1f.4: Adding to iommu group 10
[    1.386468] pci 0000:00:1f.5: Adding to iommu group 10
[    1.386491] pci 0000:01:00.0: Adding to iommu group 11
[    1.386502] pci 0000:01:00.1: Adding to iommu group 11
[    1.386512] pci 0000:01:00.2: Adding to iommu group 11
[    1.386524] pci 0000:01:00.3: Adding to iommu group 11
[    1.386533] pci 0000:02:00.0: Adding to iommu group 12
[    1.386551] pci 0000:04:00.0: Adding to iommu group 13
[    1.386572] pci 0000:05:00.0: Adding to iommu group 14
[    1.386598] DMAR: Intel(R) Virtualization Technology for Directed I/O
[    1.386600] PCI-DMA: Using software bounce buffering for IO (SWIOTLB)
[    1.386603] software IO TLB: mapped [mem 0x000000002c97c000-0x000000003097c000] (64MB)
[    1.387106] clocksource: tsc: mask: 0xffffffffffffffff max_cycles: 0x255cb6cc5db, max_idle_ns: 440795203504 ns
[    1.387317] clocksource: Switched to clocksource tsc
[    1.387336] platform rtc_cmos: registered platform RTC device (no PNP device found)
[    1.387794] Initialise system trusted keyrings
[    1.387826] workingset: timestamp_bits=40 max_order=22 bucket_order=0
[    1.387841] zbud: loaded
[    1.394788] Key type asymmetric registered
[    1.394792] Asymmetric key parser 'x509' registered
[    1.394805] Block layer SCSI generic (bsg) driver version 0.4 loaded (major 247)
[    1.394842] io scheduler mq-deadline registered
[    1.395063] pcieport 0000:00:01.0: PME: Signaling with IRQ 121
[    1.395115] pcieport 0000:00:01.0: AER: enabled with IRQ 121
[    1.395149] pcieport 0000:00:01.0: DPC: enabled with IRQ 121
[    1.395151] pcieport 0000:00:01.0: DPC: error containment capabilities: Int Msg #0, RPExt+ PoisonedTLP+ SwTrigger+ RP PIO Log 4, DL_ActiveErr+
[    1.395265] pcieport 0000:00:06.0: PME: Signaling with IRQ 122
[    1.395304] pcieport 0000:00:06.0: AER: enabled with IRQ 122
[    1.395336] pcieport 0000:00:06.0: DPC: enabled with IRQ 122
[    1.395338] pcieport 0000:00:06.0: DPC: error containment capabilities: Int Msg #0, RPExt+ PoisonedTLP+ SwTrigger+ RP PIO Log 4, DL_ActiveErr+
[    1.395501] pcieport 0000:00:1b.0: PME: Signaling with IRQ 123
[    1.395541] pcieport 0000:00:1b.0: pciehp: Slot #0 AttnBtn- PwrCtrl- MRL- AttnInd- PwrInd- HotPlug+ Surprise+ Interlock- NoCompl+ IbPresDis- LLActRep+
[    1.395888] pcieport 0000:00:1c.0: PME: Signaling with IRQ 124
[    1.395942] pcieport 0000:00:1c.0: AER: enabled with IRQ 124
[    1.395982] pcieport 0000:00:1c.0: DPC: enabled with IRQ 124
[    1.395984] pcieport 0000:00:1c.0: DPC: error containment capabilities: Int Msg #0, RPExt+ PoisonedTLP+ SwTrigger+ RP PIO Log 4, DL_ActiveErr+
[    1.396275] pcieport 0000:00:1c.7: PME: Signaling with IRQ 125
[    1.396328] pcieport 0000:00:1c.7: AER: enabled with IRQ 125
[    1.396373] pcieport 0000:00:1c.7: DPC: enabled with IRQ 125
[    1.396376] pcieport 0000:00:1c.7: DPC: error containment capabilities: Int Msg #0, RPExt+ PoisonedTLP+ SwTrigger+ RP PIO Log 4, DL_ActiveErr+
[    1.396549] pcieport 0000:00:1d.0: PME: Signaling with IRQ 126
[    1.396585] pcieport 0000:00:1d.0: pciehp: Slot #0 AttnBtn- PwrCtrl- MRL- AttnInd- PwrInd- HotPlug+ Surprise+ Interlock- NoCompl+ IbPresDis- LLActRep+
[    1.396718] shpchp: Standard Hot Plug PCI Controller Driver version: 0.4
[    1.396740] efifb: probing for efifb
[    1.396751] efifb: framebuffer at 0x40000000, using 3072k, total 3072k
[    1.396753] efifb: mode is 1024x768x32, linelength=4096, pages=1
[    1.396756] efifb: scrolling: redraw
[    1.396757] efifb: Truecolor: size=8:8:8:8, shift=24:16:8:0
[    1.397872] Console: switching to colour frame buffer device 128x48
[    1.398929] fb0: EFI VGA frame buffer device
[    1.399146] Monitor-Mwait will be used to enter C-1 state
[    1.399153] Monitor-Mwait will be used to enter C-2 state
[    1.399159] Monitor-Mwait will be used to enter C-3 state
[    1.399163] ACPI: \_SB_.PR00: Found 3 idle states
[    1.399942] input: Sleep Button as /devices/LNXSYSTM:00/LNXSYBUS:00/PNP0C0E:00/input/input0
[    1.399986] ACPI: button: Sleep Button [SLPB]
[    1.400035] input: Power Button as /devices/LNXSYSTM:00/LNXPWRBN:00/input/input1
[    1.400097] ACPI: button: Power Button [PWRF]
[    1.633151] Freeing initrd memory: 15640K
[    3.432865] ACPI: \_TZ_.TZ10: Invalid passive threshold
[    3.433157] thermal LNXTHERM:00: registered as thermal_zone0
[    3.433172] ACPI: thermal: Thermal Zone [TZ10] (17 C)
[    3.433250] ACPI: \_TZ_.TZ20: Invalid passive threshold
[    3.433352] thermal LNXTHERM:01: registered as thermal_zone1
[    3.433365] ACPI: thermal: Thermal Zone [TZ20] (17 C)
[    3.433626] thermal LNXTHERM:02: registered as thermal_zone2
[    3.433639] ACPI: thermal: Thermal Zone [TZ00] (28 C)
[    3.433828] Serial: 8250/16550 driver, 32 ports, IRQ sharing enabled
[    3.436083] Linux agpgart interface v0.103
[    3.445252] brd: module loaded
[    3.446323] loop: module loaded
[    3.446356] SPI driver tps6594 has no spi_device_id for ti,tps6594-q1
[    3.446371] SPI driver tps6594 has no spi_device_id for ti,tps6593-q1
[    3.446385] SPI driver tps6594 has no spi_device_id for ti,lp8764-q1
[    3.446790] nvme 0000:02:00.0: platform quirk: setting simple suspend
[    3.446861] tun: Universal TUN/TAP device driver, 1.6
[    3.447401] nvme nvme0: pci function 0000:02:00.0
[    3.447709] PPP generic driver version 2.4.2
[    3.448761] xhci_hcd 0000:00:14.0: xHCI Host Controller
[    3.449200] xhci_hcd 0000:00:14.0: new USB bus registered, assigned bus number 1
[    3.450715] xhci_hcd 0000:00:14.0: hcc params 0x20007fc1 hci version 0x120 quirks 0x0000000200009810
[    3.451404] xhci_hcd 0000:00:14.0: xHCI Host Controller
[    3.451843] xhci_hcd 0000:00:14.0: new USB bus registered, assigned bus number 2
[    3.452286] xhci_hcd 0000:00:14.0: Host supports USB 3.2 Enhanced SuperSpeed
[    3.452758] usb usb1: New USB device found, idVendor=1d6b, idProduct=0002, bcdDevice= 6.05
[    3.453205] usb usb1: New USB device strings: Mfr=3, Product=2, SerialNumber=1
[    3.453653] usb usb1: Product: xHCI Host Controller
[    3.454102] usb usb1: Manufacturer: Linux 6.5.12 xhci-hcd
[    3.454552] usb usb1: SerialNumber: 0000:00:14.0
[    3.455148] hub 1-0:1.0: USB hub found
[    3.455606] hub 1-0:1.0: 16 ports detected
[    3.456378] nvme nvme0: 8/0/0 default/read/poll queues
[    3.457940]  nvme0n1: p1 p2 p3 p4 p5
[    3.458418] usb usb2: New USB device found, idVendor=1d6b, idProduct=0003, bcdDevice= 6.05
[    3.458856] usb usb2: New USB device strings: Mfr=3, Product=2, SerialNumber=1
[    3.459289] usb usb2: Product: xHCI Host Controller
[    3.459719] usb usb2: Manufacturer: Linux 6.5.12 xhci-hcd
[    3.460149] usb usb2: SerialNumber: 0000:00:14.0
[    3.460643] hub 2-0:1.0: USB hub found
[    3.461094] hub 2-0:1.0: 6 ports detected
[    3.462550] xhci_hcd 0000:01:00.2: xHCI Host Controller
[    3.462974] xhci_hcd 0000:01:00.2: new USB bus registered, assigned bus number 3
[    3.463987] xhci_hcd 0000:01:00.2: hcc params 0x0180ff05 hci version 0x110 quirks 0x0000000000000010
[    3.464527] xhci_hcd 0000:01:00.2: xHCI Host Controller
[    3.464938] xhci_hcd 0000:01:00.2: new USB bus registered, assigned bus number 4
[    3.465355] xhci_hcd 0000:01:00.2: Host supports USB 3.1 Enhanced SuperSpeed
[    3.465802] usb usb3: New USB device found, idVendor=1d6b, idProduct=0002, bcdDevice= 6.05
[    3.466222] usb usb3: New USB device strings: Mfr=3, Product=2, SerialNumber=1
[    3.466638] usb usb3: Product: xHCI Host Controller
[    3.467051] usb usb3: Manufacturer: Linux 6.5.12 xhci-hcd
[    3.467465] usb usb3: SerialNumber: 0000:01:00.2
[    3.467969] hub 3-0:1.0: USB hub found
[    3.468380] hub 3-0:1.0: 2 ports detected
[    3.468854] usb usb4: We don't know the algorithms for LPM for this host, disabling LPM.
[    3.469285] usb usb4: New USB device found, idVendor=1d6b, idProduct=0003, bcdDevice= 6.05
[    3.469701] usb usb4: New USB device strings: Mfr=3, Product=2, SerialNumber=1
[    3.470114] usb usb4: Product: xHCI Host Controller
[    3.470526] usb usb4: Manufacturer: Linux 6.5.12 xhci-hcd
[    3.470941] usb usb4: SerialNumber: 0000:01:00.2
[    3.471492] hub 4-0:1.0: USB hub found
[    3.471916] hub 4-0:1.0: 4 ports detected
[    3.472496] i8042: PNP: PS/2 Controller [PNP0303:PS2K] at 0x60,0x64 irq 1
[    3.472920] i8042: PNP: PS/2 appears to have AUX port disabled, if this is incorrect please boot with i8042.nopnp
[    3.473622] serio: i8042 KBD port at 0x60,0x64 irq 1
[    3.474241] mousedev: PS/2 mouse device common for all mice
[    3.474879] rtc_cmos rtc_cmos: RTC can wake from S4
[    3.476197] rtc_cmos rtc_cmos: registered as rtc0
[    3.476810] rtc_cmos rtc_cmos: setting system clock to 2023-11-23T03:44:05 UTC (1700711045)
[    3.477277] rtc_cmos rtc_cmos: alarms up to one month, y3k, 114 bytes nvram
[    3.477714] i2c_dev: i2c /dev entries driver
[    3.478610] device-mapper: uevent: version 1.0.3
[    3.479071] device-mapper: ioctl: 4.48.0-ioctl (2023-03-01) initialised: dm-devel@redhat.com
[    3.479508] intel_pstate: Intel P-state driver initializing
[    3.480690] intel_pstate: HWP enabled
[    3.481194] ledtrig-cpu: registered to indicate activity on CPUs
[    3.481677] intel_pmc_core INT33A1:00:  initialized
[    3.482219] NET: Registered PF_INET6 protocol family
[    3.482871] Segment Routing with IPv6
[    3.483308] In-situ OAM (IOAM) with IPv6
[    3.483752] NET: Registered PF_PACKET protocol family
[    3.484244] Key type dns_resolver registered
[    3.485584] microcode: Microcode Update Driver: v2.2.
[    3.485588] IPI shorthand broadcast: enabled
[    3.487432] sched_clock: Marking stable (3484588295, 994402)->(3496181103, -10598406)
[    3.487982] registered taskstats version 1
[    3.488444] Loading compiled-in X.509 certificates
[    3.490944] Key type trusted registered
[    3.491437] Key type encrypted registered
[    3.491870] AppArmor: AppArmor sha1 policy hashing enabled
[    3.492311] ima: Allocated hash algorithm: sha1
[    3.509217] ima: No architecture policies found
[    3.509650] evm: Initialising EVM extended attributes:
[    3.510078] evm: security.selinux
[    3.510501] evm: security.SMACK64
[    3.510912] evm: security.SMACK64EXEC
[    3.511315] evm: security.SMACK64TRANSMUTE
[    3.511712] evm: security.SMACK64MMAP
[    3.512103] evm: security.apparmor
[    3.512491] evm: security.ima
[    3.512874] evm: security.capability
[    3.513274] evm: HMAC attrs: 0x1
[    3.514008] PM:   Magic number: 15:758:715
[    3.514891] hid_bpf: error while preloading HID BPF dispatcher: -22
[    3.515002] clk: Disabling unused clocks
[    3.522278] Freeing unused kernel image (initmem) memory: 4100K
[    3.553109] Write protecting the kernel read-only data: 26624k
[    3.554368] Freeing unused kernel image (rodata/data gap) memory: 1608K
[    3.555124] Run /init as init process
[    3.555858]   with arguments:
[    3.555862]     /init
[    3.555864]   with environment:
[    3.555867]     HOME=/
[    3.555869]     TERM=linux
[    3.555871]     BOOT_IMAGE=/gnu/store/5aavj9jkwf20k2qp62k8a5y2cshjp80n-linux-6.5.12/bzImage
[    3.555874]     pcie_acs_override=downstream,multifunction
[    3.600809] ahci 0000:00:17.0: version 3.0
[    3.601139] ahci 0000:00:17.0: AHCI 0001.0301 32 slots 6 ports 6 Gbps 0x3f impl SATA mode
[    3.601523] ahci 0000:00:17.0: flags: 64bit ncq sntf clo only pio slum part ems deso sadm sds 
[    3.662502] scsi host0: ahci
[    3.663905] scsi host1: ahci
[    3.665231] scsi host2: ahci
[    3.666550] scsi host3: ahci
[    3.667837] scsi host4: ahci
[    3.669095] scsi host5: ahci
[    3.669881] ata1: SATA max UDMA/133 abar m2048@0x5451b000 port 0x5451b100 irq 138
[    3.670564] ata2: SATA max UDMA/133 abar m2048@0x5451b000 port 0x5451b180 irq 138
[    3.671229] ata3: SATA max UDMA/133 abar m2048@0x5451b000 port 0x5451b200 irq 138
[    3.671884] ata4: SATA max UDMA/133 abar m2048@0x5451b000 port 0x5451b280 irq 138
[    3.672527] ata5: SATA max UDMA/133 abar m2048@0x5451b000 port 0x5451b300 irq 138
[    3.673200] ata6: SATA max UDMA/133 abar m2048@0x5451b000 port 0x5451b380 irq 138
[    3.713083] usb 1-2: new high-speed USB device number 2 using xhci_hcd
[    3.876218] usb 1-2: New USB device found, idVendor=0bda, idProduct=5411, bcdDevice= 1.50
[    3.876893] usb 1-2: New USB device strings: Mfr=1, Product=2, SerialNumber=0
[    3.877656] usb 1-2: Product: 4-Port USB 2.0 Hub
[    3.878274] usb 1-2: Manufacturer: Generic
[    3.881286] hub 1-2:1.0: USB hub found
[    3.883138] hub 1-2:1.0: 4 ports detected
[    3.988508] ata5: SATA link down (SStatus 4 SControl 300)
[    3.989228] ata4: SATA link down (SStatus 4 SControl 300)
[    3.989932] ata1: SATA link down (SStatus 4 SControl 300)
[    3.990737] ata3: SATA link down (SStatus 4 SControl 300)
[    3.991384] ata6: SATA link down (SStatus 4 SControl 300)
[    3.992012] ata2: SATA link down (SStatus 4 SControl 300)
[    3.993690] usb 2-2: new SuperSpeed USB device number 2 using xhci_hcd
[    3.998318] usbcore: registered new interface driver usb-storage
[    4.000413] usbcore: registered new interface driver uas
[    4.004626] hid: raw HID events driver (C) Jiri Kosina
[    4.005540] usbcore: registered new interface driver usbhid
[    4.005854] usbhid: USB HID core driver
[    4.014815] isci: Intel(R) C600 SAS Controller Driver - version 1.2.0
[    4.027390] xor: automatically using best checksumming function   avx       
[    4.030002] usb 2-2: New USB device found, idVendor=0bda, idProduct=0411, bcdDevice= 1.50
[    4.030344] usb 2-2: New USB device strings: Mfr=1, Product=2, SerialNumber=0
[    4.030681] usb 2-2: Product: 2-Port USB 3.0 Hub
[    4.031013] usb 2-2: Manufacturer: Generic
[    4.039557] hub 2-2:1.0: USB hub found
[    4.041408] hub 2-2:1.0: 4 ports detected
[    4.092995] raid6: avx512x4 gen() 66199 MB/s
[    4.149037] usb 1-6: new full-speed USB device number 3 using xhci_hcd
[    4.160996] raid6: avx512x2 gen() 75929 MB/s
[    4.228995] raid6: avx512x1 gen() 71111 MB/s
[    4.296995] raid6: avx2x4   gen() 56916 MB/s
[    4.299635] usb 1-6: config 1 has an invalid interface number: 4 but max is 3
[    4.299955] usb 1-6: config 1 has an invalid interface number: 4 but max is 3
[    4.300258] usb 1-6: config 1 has an invalid interface number: 5 but max is 3
[    4.300552] usb 1-6: config 1 has an invalid interface number: 5 but max is 3
[    4.300835] usb 1-6: config 1 has no interface number 1
[    4.301121] usb 1-6: config 1 has no interface number 2
[    4.302514] usb 1-6: New USB device found, idVendor=223d, idProduct=8900, bcdDevice=10.00
[    4.302818] usb 1-6: New USB device strings: Mfr=1, Product=2, SerialNumber=0
[    4.303126] usb 1-6: Product: XIBERIA-G01
[    4.303435] usb 1-6: Manufacturer: AlfaPlus Semiconductor
[    4.306188] input: AlfaPlus Semiconductor XIBERIA-G01 Keyboard as /devices/pci0000:00/0000:00:14.0/usb1/1-6/1-6:1.0/0003:223D:8900.0001/input/input3
[    4.364995] raid6: avx2x2   gen() 55076 MB/s
[    4.365531] hid-generic 0003:223D:8900.0001: input,hiddev0,hidraw0: USB HID v1.11 Keyboard [AlfaPlus Semiconductor XIBERIA-G01] on usb-0000:00:14.0-6/input0
[    4.377034] usb 1-2.2: new full-speed USB device number 4 using xhci_hcd
[    4.432995] raid6: avx2x1   gen() 46240 MB/s
[    4.433380] raid6: using algorithm avx512x2 gen() 75929 MB/s
[    4.478945] usb 1-2.2: New USB device found, idVendor=046d, idProduct=c08b, bcdDevice=27.03
[    4.479343] usb 1-2.2: New USB device strings: Mfr=1, Product=2, SerialNumber=3
[    4.479741] usb 1-2.2: Product: G502 HERO Gaming Mouse
[    4.480139] usb 1-2.2: Manufacturer: Logitech
[    4.480538] usb 1-2.2: SerialNumber: 186A395A3634
[    4.486888] input: Logitech G502 HERO Gaming Mouse as /devices/pci0000:00/0000:00:14.0/usb1/1-2/1-2.2/1-2.2:1.0/0003:046D:C08B.0002/input/input4
[    4.487909] hid-generic 0003:046D:C08B.0002: input,hidraw1: USB HID v1.11 Mouse [Logitech G502 HERO Gaming Mouse] on usb-0000:00:14.0-2.2/input0
[    4.489928] input: Logitech G502 HERO Gaming Mouse Keyboard as /devices/pci0000:00/0000:00:14.0/usb1/1-2/1-2.2/1-2.2:1.1/0003:046D:C08B.0003/input/input5
[    4.500995] raid6: .... xor() 46098 MB/s, rmw enabled
[    4.501497] raid6: using avx512x2 recovery algorithm
[    4.537029] Btrfs loaded, zoned=yes, fsverity=yes
[    4.538705] VFIO - User Level meta-driver version: 0.3
[    4.549104] hid-generic 0003:046D:C08B.0003: input,hiddev1,hidraw2: USB HID v1.11 Keyboard [Logitech G502 HERO Gaming Mouse] on usb-0000:00:14.0-2.2/input1
[    4.591964] BTRFS: device label root devid 1 transid 278341 /dev/nvme0n1p5 scanned by btrfs (178)
[    4.603564] BTRFS info (device nvme0n1p5): using crc32c (crc32c-intel) checksum algorithm
[    4.604102] BTRFS info (device nvme0n1p5): disk space caching is enabled
[    4.605020] usb 1-7: new high-speed USB device number 5 using xhci_hcd
[    4.672185] BTRFS info (device nvme0n1p5): enabling ssd optimizations
[    4.672728] BTRFS info (device nvme0n1p5): auto enabling async discard
[    4.753612] usb 1-7: New USB device found, idVendor=3842, idProduct=260a, bcdDevice=a0.23
[    4.754196] usb 1-7: New USB device strings: Mfr=1, Product=2, SerialNumber=0
[    4.754767] usb 1-7: Product: EVGA Z20 Elite Gaming Keyboard
[    4.755344] usb 1-7: Manufacturer: EVGA Corporation
[    4.757571] input: EVGA Corporation EVGA Z20 Elite Gaming Keyboard as /devices/pci0000:00/0000:00:14.0/usb1/1-7/1-7:1.0/0003:3842:260A.0004/input/input8
[    4.817178] hid-generic 0003:3842:260A.0004: input,hidraw3: USB HID v1.11 Keyboard [EVGA Corporation EVGA Z20 Elite Gaming Keyboard] on usb-0000:00:14.0-7/input0
[    4.819136] input: EVGA Corporation EVGA Z20 Elite Gaming Keyboard Mouse as /devices/pci0000:00/0000:00:14.0/usb1/1-7/1-7:1.1/0003:3842:260A.0005/input/input9
[    4.820517] input: EVGA Corporation EVGA Z20 Elite Gaming Keyboard Consumer Control as /devices/pci0000:00/0000:00:14.0/usb1/1-7/1-7:1.1/0003:3842:260A.0005/input/input10
[    4.881153] input: EVGA Corporation EVGA Z20 Elite Gaming Keyboard System Control as /devices/pci0000:00/0000:00:14.0/usb1/1-7/1-7:1.1/0003:3842:260A.0005/input/input11
[    4.882590] hid-generic 0003:3842:260A.0005: input,hiddev2,hidraw4: USB HID v1.11 Mouse [EVGA Corporation EVGA Z20 Elite Gaming Keyboard] on usb-0000:00:14.0-7/input1
[    4.884365] input: EVGA Corporation EVGA Z20 Elite Gaming Keyboard as /devices/pci0000:00/0000:00:14.0/usb1/1-7/1-7:1.2/0003:3842:260A.0006/input/input13
[    4.945083] hid-generic 0003:3842:260A.0006: input,hiddev3,hidraw5: USB HID v1.11 Keyboard [EVGA Corporation EVGA Z20 Elite Gaming Keyboard] on usb-0000:00:14.0-7/input2
[    5.077051] usb 1-11: new full-speed USB device number 6 using xhci_hcd
[    5.114041] shepherd[1]: Starting service root...
[    5.115007] shepherd[1]: Service root started.
[    5.115944] shepherd[1]: Service root running with value #t.
[    5.117639] shepherd[1]: Service root has been started.
[    5.231942] shepherd[1]: starting services...
[    5.232427] usb 1-11: New USB device found, idVendor=048d, idProduct=5702, bcdDevice= 0.01
[    5.233358] usb 1-11: New USB device strings: Mfr=1, Product=2, SerialNumber=0
[    5.233537] shepherd[1]: Configuration successfully loaded from '/gnu/store/6rgqbfrsjgq0xxhmgh662c27c32krfdx-shepherd.conf'.
[    5.234040] usb 1-11: Product: ITE Device
[    5.235414] usb 1-11: Manufacturer: ITE Tech. Inc.
[    5.236558] shepherd[1]: Starting service user-file-systems...
[    5.237460] shepherd[1]: Starting service root-file-system...
[    5.238307] shepherd[1]: Starting service host-name...
[    5.239102] shepherd[1]: Starting service sysctl...
[    5.239878] shepherd[1]: Starting service loopback...
[    5.240653] shepherd[1]: Starting service kernel-module-loader...
[    5.241430] shepherd[1]: Service user-file-systems started.
[    5.241900] hid-generic 0003:048D:5702.0007: hiddev4,hidraw6: USB HID v1.12 Device [ITE Tech. Inc. ITE Device] on usb-0000:00:14.0-11/input0
[    5.242789] shepherd[1]: Service root-file-system started.
[    5.244153] shepherd[1]: Service host-name started.
[    5.263241] shepherd[1]: Service loopback started.
[    5.338686] shepherd[1]: '/gnu/store/dnrw261yp7cb8y9qbqcbpacr7pylwylc-modprobe -- vfio-pci.ids=10de:1e89,10de:10f8,10de:1ad8,10de,1ad9' exited with status 1; output follows:
[    5.340053] shepherd[1]: 
[    5.340745] shepherd[1]:   modprobe: FATAL: Module vfio-pci.ids=10de:1e89,10de:10f8,10de:1ad8,10de,1ad9 not found in directory /run
[    5.340805] shepherd[1]: /booted-system/kernel/lib/modules/6.5.12
[    5.342872] shepherd[1]: 
[    5.343685] shepherd[1]: Service kernel-module-loader failed to start.
[    5.344519] shepherd[1]: Service user-file-systems running with value #t.
[    5.345329] shepherd[1]: Service user-file-systems has been started.
[    5.346111] shepherd[1]: Service root-file-system running with value #t.
[    5.346865] shepherd[1]: Service root-file-system has been started.
[    5.347630] shepherd[1]: Service host-name running with value #<unspecified>.
[    5.348359] shepherd[1]: Service host-name has been started.
[    5.350082] shepherd[1]: Service loopback running with value #t.
[    5.350814] shepherd[1]: Service loopback has been started.
[    5.351543] shepherd[1]: Service kernel-module-loader could not be started.
[    5.352589] shepherd[1]: Starting service udev...
[    5.353967] shepherd[1]: could not create '/dev/btrfs-control': File exists
[    5.354658] shepherd[1]: could not create '/dev/vfio/vfio': File exists
[    5.356095] shepherd[1]: waiting for udevd...
[    5.363119] udevd[271]: starting version 3.2.11
[    5.369055] usb 1-14: new high-speed USB device number 7 using xhci_hcd
[    5.395195] udevd[271]: starting eudev-3.2.11
[    5.518017] usb 1-14: New USB device found, idVendor=13d3, idProduct=3533, bcdDevice= 2.00
[    5.518898] usb 1-14: New USB device strings: Mfr=1, Product=2, SerialNumber=3
[    5.519743] usb 1-14: Product: Bluetooth Radio 
[    5.520583] usb 1-14: Manufacturer: Realtek 
[    5.521536] usb 1-14: SerialNumber: 00e04c000001
[    5.563258] Bluetooth: Core ver 2.22
[    5.563723] NET: Registered PF_BLUETOOTH protocol family
[    5.564170] Bluetooth: HCI device and connection manager initialized
[    5.564623] Bluetooth: HCI socket layer initialized
[    5.565062] Bluetooth: L2CAP socket layer initialized
[    5.565484] Bluetooth: SCO socket layer initialized
[    5.571563] usbcore: registered new interface driver btusb
[    5.857300] udevd[271]: no sender credentials received, message ignored
[    5.859775] shepherd[1]: 
[    5.859860] [
[    5.860414] sysctl
[    5.860923] ] 
[    5.861493] fs.protected_hardlinks = 1

[    5.862883] shepherd[1]: 
[    5.862907] [
[    5.863331] sysctl
[    5.863739] ] 
[    5.864153] fs.protected_symlinks = 1

[    5.865532] shepherd[1]: Service sysctl has been started.
[    5.866000] shepherd[1]: Service sysctl started.
[    5.866470] shepherd[1]: Service sysctl running with value #t.
[    5.867030] shepherd[1]: Starting service virtual-terminal...
[    5.867530] shepherd[1]: Service virtual-terminal started.
[    5.867984] shepherd[1]: Service virtual-terminal running with value #t.
[    5.868415] shepherd[1]: Service virtual-terminal has been started.
[    5.895982] nvidia-gpu 0000:01:00.3: enabling device (0000 -> 0002)
[    5.901789] i801_smbus 0000:00:1f.4: SPD Write Disable is set
[    5.902200] i801_smbus 0000:00:1f.4: SMBus using PCI interrupt
[    5.903347] mei_me 0000:00:16.0: enabling device (0000 -> 0002)
[    5.904286] input: PC Speaker as /devices/platform/pcspkr/input/input15
[    5.904981] i2c i2c-1: 2/4 memory slots populated (from DMI)
[    5.906174] i2c i2c-1: Successfully instantiated SPD at 0x51
[    5.907326] i2c i2c-1: Successfully instantiated SPD at 0x53
[    5.918685] usbcore: registered new interface driver usbmouse
[    5.919263] ACPI: bus type drm_connector registered
[    5.919506] cryptd: max_cpu_qlen set to 1000
[    5.920022] usbcore: registered new interface driver usbkbd
[    5.920440] r8169 0000:04:00.0: can't disable ASPM; OS doesn't have ASPM control
[    5.948557] r8169 0000:04:00.0 eth0: RTL8168h/8111h, d8:5e:d3:06:c9:5b, XID 541, IRQ 141
[    5.948912] r8169 0000:04:00.0 eth0: jumbo features [frames: 9194 bytes, tx checksumming: ko]
[    5.979435] AVX2 version of gcm_enc/dec engaged.
[    5.979871] AES CTR mode by8 optimization enabled
[    5.980581] mc: Linux media interface: v0.10
[    5.981431] Error: Driver 'pcspkr' is already registered, aborting...
[    5.984389] pstore: Using crash dump compression: deflate
[    5.984746] pstore: Registered efi_pstore as persistent store backend
[    6.008716] cfg80211: Loading compiled-in X.509 certificates for regulatory database
[    6.009331] Loaded X.509 cert 'sforshee: 00b28ddf47aef9cea7'
[    6.011932] platform regulatory.0: Direct firmware load for regulatory.db failed with error -2
[    6.012312] cfg80211: failed to load regulatory.db
[    6.013412] snd_hda_intel 0000:00:1f.3: enabling device (0000 -> 0002)
[    6.014264] snd_hda_intel 0000:01:00.1: enabling device (0000 -> 0002)
[    6.014756] snd_hda_intel 0000:01:00.1: Disabling MSI
[    6.015150] snd_hda_intel 0000:01:00.1: Handle vga_switcheroo audio client
[    6.037682] r8169 0000:04:00.0 enp4s0: renamed from eth0
[    6.117185] iTCO_vendor_support: vendor-support=0
[    6.118085] ee1004 1-0051: 512 byte EE1004-compliant SPD EEPROM, read-only
[    6.118490] ee1004 1-0053: 512 byte EE1004-compliant SPD EEPROM, read-only
[    6.209609] input: HDA NVidia HDMI/DP,pcm=3 as /devices/pci0000:00/0000:00:01.0/0000:01:00.1/sound/card1/input17
[    6.210123] input: HDA NVidia HDMI/DP,pcm=7 as /devices/pci0000:00/0000:00:01.0/0000:01:00.1/sound/card1/input18
[    6.210568] Console: switching to colour dummy device 80x25
[    6.210606] input: HDA NVidia HDMI/DP,pcm=8 as /devices/pci0000:00/0000:00:01.0/0000:01:00.1/sound/card1/input19
[    6.210611] nouveau 0000:01:00.0: vgaarb: deactivate vga console
[    6.210675] input: HDA NVidia HDMI/DP,pcm=9 as /devices/pci0000:00/0000:00:01.0/0000:01:00.1/sound/card1/input20
[    6.210694] nouveau 0000:01:00.0: NVIDIA TU104 (164000a1)
[    6.211360] iTCO_wdt iTCO_wdt: Found a Intel PCH TCO device (Version=6, TCOBASE=0x0400)
[    6.215081] iTCO_wdt iTCO_wdt: initialized. heartbeat=30 sec (nowayout=0)
[    6.217587] snd_hda_codec_realtek hdaudioC0D0: autoconfig for ALC897: line_outs=1 (0x14/0x0/0x0/0x0/0x0) type:line
[    6.217599] snd_hda_codec_realtek hdaudioC0D0:    speaker_outs=0 (0x0/0x0/0x0/0x0/0x0)
[    6.217601] snd_hda_codec_realtek hdaudioC0D0:    hp_outs=1 (0x1b/0x0/0x0/0x0/0x0)
[    6.217605] snd_hda_codec_realtek hdaudioC0D0:    mono: mono_out=0x0
[    6.217607] snd_hda_codec_realtek hdaudioC0D0:    inputs:
[    6.217609] snd_hda_codec_realtek hdaudioC0D0:      Front Mic=0x19
[    6.217611] snd_hda_codec_realtek hdaudioC0D0:      Rear Mic=0x18
[    6.217613] snd_hda_codec_realtek hdaudioC0D0:      Line=0x1a
[    6.226382] rtw_8821ce 0000:05:00.0: enabling device (0000 -> 0003)
[    6.228890] rtw_8821ce 0000:05:00.0: Firmware version 24.11.0, H2C version 12
[    6.237060] input: HDA Intel PCH Front Mic as /devices/pci0000:00/0000:00:1f.3/sound/card0/input21
[    6.237106] input: HDA Intel PCH Rear Mic as /devices/pci0000:00/0000:00:1f.3/sound/card0/input22
[    6.237143] input: HDA Intel PCH Line as /devices/pci0000:00/0000:00:1f.3/sound/card0/input23
[    6.237179] input: HDA Intel PCH Line Out as /devices/pci0000:00/0000:00:1f.3/sound/card0/input24
[    6.237226] input: HDA Intel PCH Front Headphone as /devices/pci0000:00/0000:00:1f.3/sound/card0/input25
[    6.252296] rtw_8821ce 0000:05:00.0 wlp5s0: renamed from wlan0
[    6.253378] intel_rapl_common: Found RAPL domain package
[    6.253382] intel_rapl_common: Found RAPL domain core
[    6.301254] nouveau 0000:01:00.0: bios: version 90.04.63.40.55
[    6.303374] nouveau 0000:01:00.0: pmu: firmware unavailable
[    6.307336] nouveau 0000:01:00.0: fb: 6144 MiB GDDR6
[    6.319267] nouveau 0000:01:00.0: DRM: VRAM: 6144 MiB
[    6.319271] nouveau 0000:01:00.0: DRM: GART: 536870912 MiB
[    6.319273] nouveau 0000:01:00.0: DRM: BIT table 'A' not found
[    6.319274] nouveau 0000:01:00.0: DRM: BIT table 'L' not found
[    6.319276] nouveau 0000:01:00.0: DRM: TMDS table version 2.0
[    6.319277] nouveau 0000:01:00.0: DRM: DCB version 4.1
[    6.319279] nouveau 0000:01:00.0: DRM: DCB outp 00: 02800f66 04600020
[    6.319281] nouveau 0000:01:00.0: DRM: DCB outp 01: 02000f62 04620020
[    6.319282] nouveau 0000:01:00.0: DRM: DCB outp 03: 02011f52 00020010
[    6.319284] nouveau 0000:01:00.0: DRM: DCB outp 07: 01044f32 04620030
[    6.319285] nouveau 0000:01:00.0: DRM: DCB conn 00: 00020046
[    6.319287] nouveau 0000:01:00.0: DRM: DCB conn 01: 00010161
[    6.319288] nouveau 0000:01:00.0: DRM: DCB conn 04: 00001431
[    6.319842] nouveau 0000:01:00.0: DRM: MM: using COPY for buffer copies
[    6.320817] snd_hda_intel 0000:01:00.1: bound 0000:01:00.0 (ops nv50_audio_component_bind_ops [nouveau])
[    6.370263] [drm] Initialized nouveau 1.3.1 20120801 for 0000:01:00.0 on minor 0
[    6.503540] fbcon: nouveaudrmfb (fb0) is primary device
[    6.665633] Console: switching to colour frame buffer device 240x67
[    6.667038] nouveau 0000:01:00.0: [drm] fb0: nouveaudrmfb frame buffer device
[    7.210506] nvidia-gpu 0000:01:00.3: i2c timeout error e0000000
[    7.210517] ucsi_ccg 0-0008: i2c_transfer failed -110
[    7.210580] ucsi_ccg 0-0008: ucsi_ccg_init failed - -110
[    7.210587] ucsi_ccg: probe of 0-0008 failed with error -110
[   16.198930] usbcore: registered new interface driver snd-usb-audio
[   16.225930] shepherd[1]: Service udev has been started.
[   16.226551] shepherd[1]: Service udev started.
[   16.227256] shepherd[1]: Service udev running with value 271.
[   16.240400] shepherd[1]: Starting service file-system-/boot/efi...
[   16.240584] shepherd[1]: Starting service file-system-/tmp...
[   16.272170] shepherd[1]: Service file-system-/boot/efi started.
[   16.273201] shepherd[1]: Service file-system-/tmp started.
[   16.273944] shepherd[1]: Service file-system-/boot/efi running with value #t.
[   16.274578] shepherd[1]: Service file-system-/boot/efi has been started.
[   16.275175] shepherd[1]: Starting service file-system-/dev/pts...
[   16.275759] shepherd[1]: Service file-system-/tmp running with value #t.
[   16.275933] shepherd[1]: Service file-system-/tmp has been started.
[   16.276265] shepherd[1]: Service file-system-/dev/pts started.
[   16.276446] shepherd[1]: Starting service file-system-/sys/kernel/debug...
[   16.276637] shepherd[1]: Service file-system-/dev/pts running with value #t.
[   16.278277] shepherd[1]: Service file-system-/dev/pts has been started.
[   16.279101] shepherd[1]: Service file-system-/sys/kernel/debug started.
[   16.279634] shepherd[1]: Starting service file-system-/dev/shm...
[   16.280163] shepherd[1]: Service file-system-/sys/kernel/debug running with value #t.
[   16.280668] shepherd[1]: Service file-system-/sys/kernel/debug has been started.
[   16.281474] shepherd[1]: Service file-system-/dev/shm started.
[   16.282009] shepherd[1]: Starting service file-system-/sys/firmware/efi/efivars...
[   16.282516] shepherd[1]: Service file-system-/dev/shm running with value #t.
[   16.283017] shepherd[1]: Service file-system-/dev/shm has been started.
[   16.326978] shepherd[1]: Service file-system-/sys/firmware/efi/efivars started.
[   16.329338] shepherd[1]: Starting service file-system-/gnu/store...
[   16.329887] shepherd[1]: Service file-system-/sys/firmware/efi/efivars running with value #t.
[   16.330403] shepherd[1]: Service file-system-/sys/firmware/efi/efivars has been started.
[   16.331248] shepherd[1]: Service file-system-/gnu/store started.
[   16.331785] shepherd[1]: Starting service file-system-/run/systemd...
[   16.332284] shepherd[1]: Service file-system-/gnu/store running with value #t.
[   16.332801] shepherd[1]: Service file-system-/gnu/store has been started.
[   16.333570] shepherd[1]: Service file-system-/run/systemd started.
[   16.334085] shepherd[1]: Starting service file-system-/run/user...
[   16.334607] shepherd[1]: Service file-system-/run/systemd running with value #t.
[   16.335066] shepherd[1]: Service file-system-/run/systemd has been started.
[   16.335772] shepherd[1]: Service file-system-/run/user started.
[   16.336262] shepherd[1]: Starting service file-system-/sys/fs/cgroup...
[   16.336786] shepherd[1]: Service file-system-/run/user running with value #t.
[   16.337290] shepherd[1]: Service file-system-/run/user has been started.
[   16.337919] shepherd[1]: Service file-system-/sys/fs/cgroup started.
[   16.338384] shepherd[1]: Starting service file-system-/var/cache/fontconfig...
[   16.338859] shepherd[1]: Service file-system-/sys/fs/cgroup running with value #t.
[   16.339751] shepherd[1]: Service file-system-/sys/fs/cgroup has been started.
[   16.340428] shepherd[1]: Service file-system-/var/cache/fontconfig started.
[   16.340881] shepherd[1]: Starting service file-system-/var/lib/gdm...
[   16.341353] shepherd[1]: Service file-system-/var/cache/fontconfig running with value #t.
[   16.341808] shepherd[1]: Service file-system-/var/cache/fontconfig has been started.
[   16.342406] shepherd[1]: Service file-system-/var/lib/gdm started.
[   16.342868] shepherd[1]: Service file-system-/var/lib/gdm running with value #t.
[   16.343295] shepherd[1]: Service file-system-/var/lib/gdm has been started.
[   16.343863] shepherd[1]: Starting service file-system-/sys/fs/cgroup/elogind...
[   16.344547] shepherd[1]: Service file-system-/sys/fs/cgroup/elogind started.
[   16.345032] shepherd[1]: Service file-system-/sys/fs/cgroup/elogind running with value #t.
[   16.345485] shepherd[1]: Service file-system-/sys/fs/cgroup/elogind has been started.
[   16.347751] shepherd[1]: Starting service file-systems...
[   16.348205] shepherd[1]: Service file-systems started.
[   16.348684] shepherd[1]: Service file-systems running with value #t.
[   16.349122] shepherd[1]: Service file-systems has been started.
[   16.349880] shepherd[1]: Starting service user-homes...
[   16.350481] shepherd[1]: Service user-homes started.
[   16.350945] shepherd[1]: Service user-homes running with value #t.
[   16.351379] shepherd[1]: Service user-homes has been started.
[   16.352258] shepherd[1]: Starting service x11-socket-directory...
[   16.352824] shepherd[1]: Service x11-socket-directory started.
[   16.353332] shepherd[1]: Service x11-socket-directory running with value #<unspecified>.
[   16.353778] shepherd[1]: Service x11-socket-directory has been started.
[   16.361730] shepherd[1]: Starting service urandom-seed...
[   16.547078] shepherd[1]: Service urandom-seed started.
[   16.549461] shepherd[1]: Service urandom-seed running with value #t.
[   16.550196] shepherd[1]: Service urandom-seed has been started.
[   16.558884] shepherd[1]: Starting service user-processes...
[   16.561373] shepherd[1]: Service user-processes started.
[   16.562044] shepherd[1]: Service user-processes running with value #t.
[   16.562649] shepherd[1]: Service user-processes has been started.
[   16.568597] shepherd[1]: Starting service guix-daemon...
[   16.571760] shepherd[1]: Service guix-daemon started.
[   16.572715] shepherd[1]: Service guix-daemon running with value 425.
[   16.573418] shepherd[1]: Service guix-daemon has been started.
[   16.576420] shepherd[1]: Starting service syslogd...
[   16.583218] shepherd[1]: Starting service mcron...
[   19.685057] Generic FE-GE Realtek PHY r8169-0-400:00: attached PHY driver (mii_bus:phy_addr=r8169-0-400:00, irq=MAC)
[   19.873202] r8169 0000:04:00.0 enp4s0: Link is Down
[   20.056362] pipewire[629]: memfd_create() called without MFD_EXEC or MFD_NOEXEC_SEAL set
[   22.564298] r8169 0000:04:00.0 enp4s0: Link is Up - 1Gbps/Full - flow control rx/tx
[   26.045229] wlp5s0: authenticate with 8c:3b:ad:b7:54:16
[   34.965103] wlp5s0: send auth to 8c:3b:ad:b7:54:16 (try 1/3)
[   34.967167] wlp5s0: authenticated
[   34.969123] wlp5s0: associate with 8c:3b:ad:b7:54:16 (try 1/3)
[   35.095526] wlp5s0: RX AssocResp from 8c:3b:ad:b7:54:16 (capab=0x1511 status=0 aid=3)
[   35.099076] rtw_8821ce 0000:05:00.0: failed to send h2c command
[   35.099172] wlp5s0: associated
[   35.621058] rtw_8821ce 0000:05:00.0: failed to get tx report from firmware
[   36.808438] rtw_8821ce 0000:05:00.0: failed to send h2c command
[   38.792348] rtw_8821ce 0000:05:00.0: failed to send h2c command
[   38.893089] rtw_8821ce 0000:05:00.0: firmware failed to leave lps state
[   38.896360] rtw_8821ce 0000:05:00.0: failed to send h2c command
[   38.899608] rtw_8821ce 0000:05:00.0: failed to send h2c command
[   38.902865] rtw_8821ce 0000:05:00.0: failed to send h2c command
[   41.032305] rtw_8821ce 0000:05:00.0: failed to send h2c command
[   41.133089] rtw_8821ce 0000:05:00.0: firmware failed to leave lps state
[   41.136360] rtw_8821ce 0000:05:00.0: failed to send h2c command
[   41.139607] rtw_8821ce 0000:05:00.0: failed to send h2c command
[   41.142842] rtw_8821ce 0000:05:00.0: failed to send h2c command
[   42.920457] rtw_8821ce 0000:05:00.0: failed to send h2c command
[   43.021088] rtw_8821ce 0000:05:00.0: firmware failed to leave lps state
[   43.024360] rtw_8821ce 0000:05:00.0: failed to send h2c command
[   43.027606] rtw_8821ce 0000:05:00.0: failed to send h2c command
[   43.030803] rtw_8821ce 0000:05:00.0: failed to send h2c command
[   43.034065] rtw_8821ce 0000:05:00.0: failed to send h2c command
[   44.808336] rtw_8821ce 0000:05:00.0: failed to send h2c command
[   44.909088] rtw_8821ce 0000:05:00.0: firmware failed to leave lps state
[   44.912358] rtw_8821ce 0000:05:00.0: failed to send h2c command
[   44.915605] rtw_8821ce 0000:05:00.0: failed to send h2c command
[   44.918839] rtw_8821ce 0000:05:00.0: failed to send h2c command
[   46.920416] rtw_8821ce 0000:05:00.0: failed to send h2c command
[   47.021088] rtw_8821ce 0000:05:00.0: firmware failed to leave lps state
[   47.024358] rtw_8821ce 0000:05:00.0: failed to send h2c command
[   47.027605] rtw_8821ce 0000:05:00.0: failed to send h2c command
[   47.030862] rtw_8821ce 0000:05:00.0: failed to send h2c command
[   48.936339] rtw_8821ce 0000:05:00.0: failed to send h2c command
[   49.037088] rtw_8821ce 0000:05:00.0: firmware failed to leave lps state
[   49.040359] rtw_8821ce 0000:05:00.0: failed to send h2c command
[   49.043607] rtw_8821ce 0000:05:00.0: failed to send h2c command
[   49.046841] rtw_8821ce 0000:05:00.0: failed to send h2c command
[   50.792416] rtw_8821ce 0000:05:00.0: failed to send h2c command
[   50.893093] rtw_8821ce 0000:05:00.0: firmware failed to leave lps state
[   50.896364] rtw_8821ce 0000:05:00.0: failed to send h2c command
[   50.899612] rtw_8821ce 0000:05:00.0: failed to send h2c command
[   50.902810] rtw_8821ce 0000:05:00.0: failed to send h2c command
[   50.906068] rtw_8821ce 0000:05:00.0: failed to send h2c command
[   52.808349] rtw_8821ce 0000:05:00.0: failed to send h2c command
[   52.909088] rtw_8821ce 0000:05:00.0: firmware failed to leave lps state
[   52.912359] rtw_8821ce 0000:05:00.0: failed to send h2c command
[   52.915607] rtw_8821ce 0000:05:00.0: failed to send h2c command
[   52.918841] rtw_8821ce 0000:05:00.0: failed to send h2c command
[   55.112425] rtw_8821ce 0000:05:00.0: failed to send h2c command
[   55.213089] rtw_8821ce 0000:05:00.0: firmware failed to leave lps state
[   55.216361] rtw_8821ce 0000:05:00.0: failed to send h2c command
[   55.219608] rtw_8821ce 0000:05:00.0: failed to send h2c command
[   55.222865] rtw_8821ce 0000:05:00.0: failed to send h2c command
[   56.936665] rtw_8821ce 0000:05:00.0: failed to send h2c command
[   57.037087] rtw_8821ce 0000:05:00.0: firmware failed to leave lps state
[   57.040359] rtw_8821ce 0000:05:00.0: failed to send h2c command
[   57.043607] rtw_8821ce 0000:05:00.0: failed to send h2c command
[   57.046840] rtw_8821ce 0000:05:00.0: failed to send h2c command
[   58.792414] rtw_8821ce 0000:05:00.0: failed to send h2c command
[   58.893088] rtw_8821ce 0000:05:00.0: firmware failed to leave lps state
[   58.896359] rtw_8821ce 0000:05:00.0: failed to send h2c command
[   58.899608] rtw_8821ce 0000:05:00.0: failed to send h2c command
[   58.902805] rtw_8821ce 0000:05:00.0: failed to send h2c command
[   58.906062] rtw_8821ce 0000:05:00.0: failed to send h2c command
[   60.810341] rtw_8821ce 0000:05:00.0: failed to send h2c command
[   60.913088] rtw_8821ce 0000:05:00.0: firmware failed to leave lps state
[   60.916360] rtw_8821ce 0000:05:00.0: failed to send h2c command
[   60.919608] rtw_8821ce 0000:05:00.0: failed to send h2c command
[   60.922842] rtw_8821ce 0000:05:00.0: failed to send h2c command
[   62.793628] rtw_8821ce 0000:05:00.0: failed to send h2c command
[   62.897087] rtw_8821ce 0000:05:00.0: firmware failed to leave lps state
[   62.900356] rtw_8821ce 0000:05:00.0: failed to send h2c command
[   62.903605] rtw_8821ce 0000:05:00.0: failed to send h2c command
[   62.906862] rtw_8821ce 0000:05:00.0: failed to send h2c command
[   64.840417] rtw_8821ce 0000:05:00.0: failed to send h2c command
[   64.941093] rtw_8821ce 0000:05:00.0: firmware failed to leave lps state
[   64.944362] rtw_8821ce 0000:05:00.0: failed to send h2c command
[   64.947610] rtw_8821ce 0000:05:00.0: failed to send h2c command
[   64.950845] rtw_8821ce 0000:05:00.0: failed to send h2c command
[   66.856522] rtw_8821ce 0000:05:00.0: failed to send h2c command
[   66.957090] rtw_8821ce 0000:05:00.0: firmware failed to leave lps state
[   66.960360] rtw_8821ce 0000:05:00.0: failed to send h2c command
[   66.963609] rtw_8821ce 0000:05:00.0: failed to send h2c command
[   66.966807] rtw_8821ce 0000:05:00.0: failed to send h2c command
[   66.970063] rtw_8821ce 0000:05:00.0: failed to send h2c command
[   68.840340] rtw_8821ce 0000:05:00.0: failed to send h2c command
[   68.941091] rtw_8821ce 0000:05:00.0: firmware failed to leave lps state
[   68.944362] rtw_8821ce 0000:05:00.0: failed to send h2c command
[   68.947609] rtw_8821ce 0000:05:00.0: failed to send h2c command
[   68.950844] rtw_8821ce 0000:05:00.0: failed to send h2c command
[   70.856450] rtw_8821ce 0000:05:00.0: failed to send h2c command
[   70.957089] rtw_8821ce 0000:05:00.0: firmware failed to leave lps state
[   70.960359] rtw_8821ce 0000:05:00.0: failed to send h2c command
[   70.963607] rtw_8821ce 0000:05:00.0: failed to send h2c command
[   70.966865] rtw_8821ce 0000:05:00.0: failed to send h2c command
[   72.841410] rtw_8821ce 0000:05:00.0: failed to send h2c command
[   72.945093] rtw_8821ce 0000:05:00.0: firmware failed to leave lps state
[   72.948363] rtw_8821ce 0000:05:00.0: failed to send h2c command
[   72.951611] rtw_8821ce 0000:05:00.0: failed to send h2c command
[   72.954845] rtw_8821ce 0000:05:00.0: failed to send h2c command
[   74.856455] rtw_8821ce 0000:05:00.0: failed to send h2c command
[   74.957090] rtw_8821ce 0000:05:00.0: firmware failed to leave lps state
[   74.960360] rtw_8821ce 0000:05:00.0: failed to send h2c command
[   74.963608] rtw_8821ce 0000:05:00.0: failed to send h2c command
[   74.966806] rtw_8821ce 0000:05:00.0: failed to send h2c command
[   74.970062] rtw_8821ce 0000:05:00.0: failed to send h2c command
[   75.746872] warning: `ThreadPoolForeg' uses wireless extensions which will stop working for Wi-Fi 7 hardware; use nl80211
[   76.840350] rtw_8821ce 0000:05:00.0: failed to send h2c command
[   76.941120] rtw_8821ce 0000:05:00.0: firmware failed to leave lps state
[   76.944397] rtw_8821ce 0000:05:00.0: failed to send h2c command
[   76.947652] rtw_8821ce 0000:05:00.0: failed to send h2c command
[   76.950916] rtw_8821ce 0000:05:00.0: failed to send h2c command
[   79.176352] rtw_8821ce 0000:05:00.0: failed to send h2c command
[   79.277104] rtw_8821ce 0000:05:00.0: firmware failed to leave lps state
[   79.280375] rtw_8821ce 0000:05:00.0: failed to send h2c command
[   79.283631] rtw_8821ce 0000:05:00.0: failed to send h2c command
[   79.286947] rtw_8821ce 0000:05:00.0: failed to send h2c command
[   81.992338] rtw_8821ce 0000:05:00.0: failed to send h2c command
[   82.093040] rtw_8821ce 0000:05:00.0: firmware failed to leave lps state
[   82.096311] rtw_8821ce 0000:05:00.0: failed to send h2c command
[   82.099560] rtw_8821ce 0000:05:00.0: failed to send h2c command
[   82.102794] rtw_8821ce 0000:05:00.0: failed to send h2c command
[   83.880454] rtw_8821ce 0000:05:00.0: failed to send h2c command
[   83.981099] rtw_8821ce 0000:05:00.0: firmware failed to leave lps state
[   83.984371] rtw_8821ce 0000:05:00.0: failed to send h2c command
[   83.987614] rtw_8821ce 0000:05:00.0: failed to send h2c command
[   83.990813] rtw_8821ce 0000:05:00.0: failed to send h2c command
[   83.994071] rtw_8821ce 0000:05:00.0: failed to send h2c command
[   85.868188] rtw_8821ce 0000:05:00.0: failed to send h2c command
[   85.969106] rtw_8821ce 0000:05:00.0: firmware failed to leave lps state
[   85.972377] rtw_8821ce 0000:05:00.0: failed to send h2c command
[   85.975631] rtw_8821ce 0000:05:00.0: failed to send h2c command
[   85.978894] rtw_8821ce 0000:05:00.0: failed to send h2c command
[   87.880447] rtw_8821ce 0000:05:00.0: failed to send h2c command
[   87.981101] rtw_8821ce 0000:05:00.0: firmware failed to leave lps state
[   87.984372] rtw_8821ce 0000:05:00.0: failed to send h2c command
[   87.987619] rtw_8821ce 0000:05:00.0: failed to send h2c command
[   87.990876] rtw_8821ce 0000:05:00.0: failed to send h2c command
[   89.864455] rtw_8821ce 0000:05:00.0: failed to send h2c command
[   89.965091] rtw_8821ce 0000:05:00.0: firmware failed to leave lps state
[   89.968361] rtw_8821ce 0000:05:00.0: failed to send h2c command
[   89.971611] rtw_8821ce 0000:05:00.0: failed to send h2c command
[   89.974846] rtw_8821ce 0000:05:00.0: failed to send h2c command
[   91.856741] rtw_8821ce 0000:05:00.0: failed to send h2c command
[   91.961036] rtw_8821ce 0000:05:00.0: firmware failed to leave lps state
[   91.964298] rtw_8821ce 0000:05:00.0: failed to send h2c command
[   91.967552] rtw_8821ce 0000:05:00.0: failed to send h2c command
[   91.970789] rtw_8821ce 0000:05:00.0: failed to send h2c command
[   91.974053] rtw_8821ce 0000:05:00.0: failed to send h2c command
[   93.865878] rtw_8821ce 0000:05:00.0: failed to send h2c command
[   93.969102] rtw_8821ce 0000:05:00.0: firmware failed to leave lps state
[   93.972373] rtw_8821ce 0000:05:00.0: failed to send h2c command
[   93.975620] rtw_8821ce 0000:05:00.0: failed to send h2c command
[   93.978850] rtw_8821ce 0000:05:00.0: failed to send h2c command
[   95.859320] rtw_8821ce 0000:05:00.0: failed to send h2c command
[   95.961060] rtw_8821ce 0000:05:00.0: firmware failed to leave lps state
[   95.964298] rtw_8821ce 0000:05:00.0: failed to send h2c command
[   95.967548] rtw_8821ce 0000:05:00.0: failed to send h2c command
[   95.970833] rtw_8821ce 0000:05:00.0: failed to send h2c command
[   97.800452] rtw_8821ce 0000:05:00.0: failed to send h2c command
[   97.901099] rtw_8821ce 0000:05:00.0: firmware failed to leave lps state
[   97.904371] rtw_8821ce 0000:05:00.0: failed to send h2c command
[   97.907618] rtw_8821ce 0000:05:00.0: failed to send h2c command
[   97.910853] rtw_8821ce 0000:05:00.0: failed to send h2c command
[   99.816354] rtw_8821ce 0000:05:00.0: failed to send h2c command
[   99.917096] rtw_8821ce 0000:05:00.0: firmware failed to leave lps state
[   99.920368] rtw_8821ce 0000:05:00.0: failed to send h2c command
[   99.923616] rtw_8821ce 0000:05:00.0: failed to send h2c command
[   99.926814] rtw_8821ce 0000:05:00.0: failed to send h2c command
[   99.930072] rtw_8821ce 0000:05:00.0: failed to send h2c command
[  101.800458] rtw_8821ce 0000:05:00.0: failed to send h2c command
[  101.901017] rtw_8821ce 0000:05:00.0: firmware failed to leave lps state
[  101.904254] rtw_8821ce 0000:05:00.0: failed to send h2c command
[  101.907483] rtw_8821ce 0000:05:00.0: failed to send h2c command
[  101.910705] rtw_8821ce 0000:05:00.0: failed to send h2c command
[  104.008374] rtw_8821ce 0000:05:00.0: failed to send h2c command
[  104.109097] rtw_8821ce 0000:05:00.0: firmware failed to leave lps state
[  104.112368] rtw_8821ce 0000:05:00.0: failed to send h2c command
[  104.115623] rtw_8821ce 0000:05:00.0: failed to send h2c command
[  104.118920] rtw_8821ce 0000:05:00.0: failed to send h2c command
[  105.930231] rtw_8821ce 0000:05:00.0: failed to send h2c command
[  106.037037] rtw_8821ce 0000:05:00.0: firmware failed to leave lps state
[  106.040300] rtw_8821ce 0000:05:00.0: failed to send h2c command
[  106.043535] rtw_8821ce 0000:05:00.0: failed to send h2c command
[  106.046774] rtw_8821ce 0000:05:00.0: failed to send h2c command
[  107.912456] rtw_8821ce 0000:05:00.0: failed to send h2c command
[  108.013042] rtw_8821ce 0000:05:00.0: firmware failed to leave lps state
[  108.016315] rtw_8821ce 0000:05:00.0: failed to send h2c command
[  108.019569] rtw_8821ce 0000:05:00.0: failed to send h2c command
[  108.022788] rtw_8821ce 0000:05:00.0: failed to send h2c command
[  108.026066] rtw_8821ce 0000:05:00.0: failed to send h2c command
[  109.800299] rtw_8821ce 0000:05:00.0: failed to send h2c command
[  109.901094] rtw_8821ce 0000:05:00.0: firmware failed to leave lps state
[  109.904365] rtw_8821ce 0000:05:00.0: failed to send h2c command
[  109.907613] rtw_8821ce 0000:05:00.0: failed to send h2c command
[  109.910847] rtw_8821ce 0000:05:00.0: failed to send h2c command
[  111.945020] rtw_8821ce 0000:05:00.0: failed to send h2c command
[  112.049098] rtw_8821ce 0000:05:00.0: firmware failed to leave lps state
[  112.052369] rtw_8821ce 0000:05:00.0: failed to send h2c command
[  112.055617] rtw_8821ce 0000:05:00.0: failed to send h2c command
[  112.058874] rtw_8821ce 0000:05:00.0: failed to send h2c command
[  113.864451] rtw_8821ce 0000:05:00.0: failed to send h2c command
[  113.965041] rtw_8821ce 0000:05:00.0: firmware failed to leave lps state
[  113.968314] rtw_8821ce 0000:05:00.0: failed to send h2c command
[  113.971564] rtw_8821ce 0000:05:00.0: failed to send h2c command
[  113.974801] rtw_8821ce 0000:05:00.0: failed to send h2c command
[  115.816465] rtw_8821ce 0000:05:00.0: failed to send h2c command
[  115.917112] rtw_8821ce 0000:05:00.0: firmware failed to leave lps state
[  115.920384] rtw_8821ce 0000:05:00.0: failed to send h2c command
[  115.923632] rtw_8821ce 0000:05:00.0: failed to send h2c command
[  115.926831] rtw_8821ce 0000:05:00.0: failed to send h2c command
[  115.930088] rtw_8821ce 0000:05:00.0: failed to send h2c command
[  118.088421] rtw_8821ce 0000:05:00.0: failed to send h2c command
[  118.189050] rtw_8821ce 0000:05:00.0: firmware failed to leave lps state
[  118.192322] rtw_8821ce 0000:05:00.0: failed to send h2c command
[  118.195585] rtw_8821ce 0000:05:00.0: failed to send h2c command
[  118.198821] rtw_8821ce 0000:05:00.0: failed to send h2c command
[  119.883970] rtw_8821ce 0000:05:00.0: failed to send h2c command
[  119.985093] rtw_8821ce 0000:05:00.0: firmware failed to leave lps state
[  119.988369] rtw_8821ce 0000:05:00.0: failed to send h2c command
[  119.991622] rtw_8821ce 0000:05:00.0: failed to send h2c command
[  119.994905] rtw_8821ce 0000:05:00.0: failed to send h2c command
[  121.897105] rtw_8821ce 0000:05:00.0: failed to send h2c command
[  122.001093] rtw_8821ce 0000:05:00.0: firmware failed to leave lps state
[  122.004371] rtw_8821ce 0000:05:00.0: failed to send h2c command
[  122.007635] rtw_8821ce 0000:05:00.0: failed to send h2c command
[  122.010870] rtw_8821ce 0000:05:00.0: failed to send h2c command
[  123.880463] rtw_8821ce 0000:05:00.0: failed to send h2c command
[  123.981092] rtw_8821ce 0000:05:00.0: firmware failed to leave lps state
[  123.984364] rtw_8821ce 0000:05:00.0: failed to send h2c command
[  123.987612] rtw_8821ce 0000:05:00.0: failed to send h2c command
[  123.990809] rtw_8821ce 0000:05:00.0: failed to send h2c command
[  123.994066] rtw_8821ce 0000:05:00.0: failed to send h2c command
[  125.832462] rtw_8821ce 0000:05:00.0: failed to send h2c command
[  125.933105] rtw_8821ce 0000:05:00.0: firmware failed to leave lps state
[  125.936377] rtw_8821ce 0000:05:00.0: failed to send h2c command
[  125.939624] rtw_8821ce 0000:05:00.0: failed to send h2c command
[  125.942858] rtw_8821ce 0000:05:00.0: failed to send h2c command
[  127.848454] rtw_8821ce 0000:05:00.0: failed to send h2c command
[  127.949120] rtw_8821ce 0000:05:00.0: firmware failed to leave lps state
[  127.952387] rtw_8821ce 0000:05:00.0: failed to send h2c command
[  127.955633] rtw_8821ce 0000:05:00.0: failed to send h2c command
[  127.958885] rtw_8821ce 0000:05:00.0: failed to send h2c command
[  130.122449] rtw_8821ce 0000:05:00.0: failed to send h2c command
[  130.225096] rtw_8821ce 0000:05:00.0: firmware failed to leave lps state
[  130.228367] rtw_8821ce 0000:05:00.0: failed to send h2c command
[  130.231621] rtw_8821ce 0000:05:00.0: failed to send h2c command
[  130.234884] rtw_8821ce 0000:05:00.0: failed to send h2c command
[  131.944403] rtw_8821ce 0000:05:00.0: failed to send h2c command
[  132.045098] rtw_8821ce 0000:05:00.0: firmware failed to leave lps state
[  132.048370] rtw_8821ce 0000:05:00.0: failed to send h2c command
[  132.051623] rtw_8821ce 0000:05:00.0: failed to send h2c command
[  132.054823] rtw_8821ce 0000:05:00.0: failed to send h2c command
[  132.058080] rtw_8821ce 0000:05:00.0: failed to send h2c command
[  133.864434] rtw_8821ce 0000:05:00.0: failed to send h2c command
